Component: ARM Compiler 5.06 update 6 (build 750) Tool: armlink [4d35ed]

==============================================================================

Section Cross References

    main.o(i.main) refers to cobra4_common.o(i.app_cobra_init) for app_cobra_init
    main.o(i.main) refers to cobra_system.o(i.cobra_get_calculate_mode) for cobra_get_calculate_mode
    main.o(i.main) refers to cobra4_common.o(i.app_cobra_ble_stack_init) for app_cobra_ble_stack_init
    main.o(i.main) refers to cobra_system.o(i.cobra_system_interrupt_enable) for cobra_system_interrupt_enable
    main.o(i.main) refers to cobra4_common.o(i.app_m4_timer_init) for app_m4_timer_init
    main.o(i.main) refers to app_bk_task.o(i.cobra_app_background_task_init) for cobra_app_background_task_init
    main.o(i.main) refers to rdw_dma.o(i.app_rdw_udma_init) for app_rdw_udma_init
    main.o(i.main) refers to cobra4_common.o(i.app_m4_custom_application_init) for app_m4_custom_application_init
    main.o(i.main) refers to cobra4_common.o(i.app_custom_application_loop) for app_custom_application_loop
    retargetio.o(i._ttywrch) refers to cobra_uart.o(i.cobra_uart_write) for cobra_uart_write
    retargetio.o(i.fgetc) refers to cobra_uart.o(i.cobra_uart_read) for cobra_uart_read
    retargetio.o(i.fputc) refers to cobra_uart.o(i.cobra_uart_write) for cobra_uart_write
    cobra4_common.o(i.app_cobra_init) refers to cobra_system.o(i.cobra_system_init) for cobra_system_init
    cobra4_common.o(i.app_cobra_init) refers to cobra_system.o(i.cobra_system_power_clk_init) for cobra_system_power_clk_init
    cobra4_common.o(i.app_cobra_init) refers to rdw_gpio.o(i.app_m3_gpio_init) for app_m3_gpio_init
    cobra4_common.o(i.app_cobra_init) refers to app_mosquito_killing.o(i.app_mosquito_killing_io_init) for app_mosquito_killing_io_init
    cobra4_common.o(i.app_cobra_init) refers to cobra4_rdw_common.o(i.app_common_uart_hci_mode_init) for app_common_uart_hci_mode_init
    cobra4_common.o(i.app_cobra_init) refers to cobra_system.o(i.cobra_system_uart_init) for cobra_system_uart_init
    cobra4_common.o(i.app_cobra_init) refers to cobra4_rdw_common.o(i.app_m4_trim_init) for app_m4_trim_init
    cobra4_common.o(i.app_cobra_init) refers to app.o(i.appm_init) for appm_init
    cobra4_common.o(i.app_cobra_init) refers to cobra_system.o(i.platform_reset) for platform_reset
    cobra4_common.o(i.app_cobra_init) refers to cobra4_ble_common.o(i.rdw_custom_define_profile) for rdw_custom_define_profile
    cobra4_common.o(i.app_custom_application_loop) refers to cobra_multi_timer.o(i.cobra_softtimer_loop) for cobra_softtimer_loop
    cobra4_common.o(i.app_custom_application_loop) refers to app_wechat.o(i.app_wechat_ble_loop) for app_wechat_ble_loop
    cobra4_common.o(i.app_deep_sleep_disable_interrupt) refers to cobra4_common.o(i.__NVIC_DisableIRQ) for __NVIC_DisableIRQ
    cobra4_common.o(i.app_deep_sleep_enable_interrupt) refers to cobra4_common.o(i.__NVIC_EnableIRQ) for __NVIC_EnableIRQ
    cobra4_common.o(i.app_m4_custom_application_init) refers to cobra_rtc.o(i.app_cobra_rtc_init) for app_cobra_rtc_init
    cobra4_common.o(i.app_m4_custom_application_init) refers to cobra_multi_timer.o(i.app_cobra_link_soft_timer_init) for app_cobra_link_soft_timer_init
    cobra4_common.o(i.app_m4_custom_application_init) refers to cobra_button.o(i.cobra4A_button_init) for cobra4A_button_init
    cobra4_common.o(i.app_m4_custom_application_init) refers to cobra_system.o(i.cobra_system_watchdog_process) for cobra_system_watchdog_process
    cobra4_common.o(i.app_m4_custom_application_init) refers to cobra_system.o(i.cobra_meter_clock_setting) for cobra_meter_clock_setting
    cobra4_common.o(i.app_m4_custom_application_init) refers to printf8.o(i.__0printf$8) for __2printf
    cobra4_common.o(i.app_m4_custom_application_init) refers to app_wechat.o(i.app_wechat_ble_init) for app_wechat_ble_init
    cobra4_common.o(i.app_m4_custom_application_init) refers to app_mosquito_killing.o(i.app_mosquito_killing_init) for app_mosquito_killing_init
    cobra4_common.o(i.app_m4_timer_init) refers to cobra_timer.o(i.app_cobra_init_timer0_clock) for app_cobra_init_timer0_clock
    cobra4_common.o(i.app_m4_timer_init) refers to cobra_soft_timer.o(i.app_cobra_soft_timer_init) for app_cobra_soft_timer_init
    cobra4_common.o(i.app_meter_io_init) refers to rdw_gpio.o(i.app_m3_gpio_set_direction) for app_m3_gpio_set_direction
    cobra4_common.o(i.app_meter_io_init) refers to cobra_pinmux.o(i.cobra_pin_pullup_enable) for cobra_pin_pullup_enable
    cobra4_ble_common.o(i.appm_build_adv_data) refers to strcpy.o(.text) for strcpy
    cobra4_ble_common.o(i.appm_build_scan_rsp_data) refers to memmovea.o(.text) for __aeabi_memcpy
    cobra4_ble_common.o(i.appm_build_scan_rsp_data) refers to cobra4_ble_common.o(.bss) for .bss
    cobra4_ble_common.o(i.appm_get_dev_name) refers to cobra_system.o(i.cobra_nvds_param_ok) for cobra_nvds_param_ok
[...]
    0x008301ec   0x008301ec   0x00000040   Code   RO        13559    .text               mc_w.l(memmovea.o)
    0x0083022c   0x0083022c   0x00000024   Code   RO        13561    .text               mc_w.l(memseta.o)
    0x00830250   0x00830250   0x00000018   Code   RO        13563    .text               mc_w.l(strncpy.o)
    0x00830268   0x00830268   0x0000000e   Code   RO        13565    .text               mc_w.l(strlen.o)
    0x00830276   0x00830276   0x0000001a   Code   RO        13567    .text               mc_w.l(memcmp.o)
    0x00830290   0x00830290   0x00000012   Code   RO        13569    .text               mc_w.l(strcpy.o)
    0x008302a2   0x008302a2   0x0000001e   Code   RO        13571    .text               mc_w.l(strncmp.o)
    0x008302c0   0x008302c0   0x00000020   Code   RO        13573    .text               mc_w.l(strrchr.o)
    0x008302e0   0x008302e0   0x0000007c   Code   RO        13870    .text               mf_w.l(fdiv.o)
    0x0083035c   0x0083035c   0x0000002e   Code   RO        13874    .text               mf_w.l(dscalb.o)
    0x0083038a   0x0083038a   0x0000000a   Code   RO        13878    .text               mf_w.l(ffltui.o)
    0x00830394   0x00830394   0x0000001a   Code   RO        13880    .text               mf_w.l(dfltui.o)
    0x008303ae   0x008303ae   0x00000028   Code   RO        13882    .text               mf_w.l(ffixui.o)
    0x008303d6   0x008303d6   0x00000032   Code   RO        13884    .text               mf_w.l(dfixui.o)
    0x00830408   0x00830408   0x0000001e   Code   RO        13930    .text               mc_w.l(llshl.o)
    0x00830426   0x00830426   0x00000020   Code   RO        13932    .text               mc_w.l(llushr.o)
    0x00830446   0x00830446   0x00000000   Code   RO        13943    .text               mc_w.l(iusefp.o)
    0x00830446   0x00830446   0x0000006e   Code   RO        13944    .text               mf_w.l(fepilogue.o)
    0x008304b4   0x008304b4   0x000000ba   Code   RO        13946    .text               mf_w.l(depilogue.o)
    0x0083056e   0x0083056e   0x0000014e   Code   RO        13948    .text               mf_w.l(dadd.o)
    0x008306bc   0x008306bc   0x000000e4   Code   RO        13950    .text               mf_w.l(dmul.o)
    0x008307a0   0x008307a0   0x000000de   Code   RO        13952    .text               mf_w.l(ddiv.o)
    0x0083087e   0x0083087e   0x00000002   PAD
    0x00830880   0x00830880   0x00000030   Code   RO        13956    .text               mf_w.l(cdrcmple.o)
    0x008308b0   0x008308b0   0x00000024   Code   RO        13962    .text               mc_w.l(init.o)
    0x008308d4   0x008308d4   0x00000024   Code   RO        13964    .text               mc_w.l(llsshr.o)
    0x008308f8   0x008308f8   0x00000022   Code   RO        13966    .text               mf_w.l(dflti.o)
    0x0083091a   0x0083091a   0x0000003e   Code   RO        13968    .text               mf_w.l(dfixi.o)
    0x00830958   0x00830958   0x00000056   Code   RO        13978    .text               mc_w.l(__dczerorl2.o)
    0x008309ae   0x008309ae   0x0000000a   Ven    RO        13980    Veneer$$Code        anon$$obj.o
    0x008309b8   0x008309b8   0x0000000a   Ven    RO        13981    Veneer$$Code        anon$$obj.o
    0x008309c2   0x008309c2   0x0000000a   Ven    RO        13982    Veneer$$Code        anon$$obj.o
    0x008309cc   0x008309cc   0x0000000a   Ven    RO        13983    Veneer$$Code        anon$$obj.o
    0x008309d6   0x008309d6   0x0000000a   Ven    RO        13984    Veneer$$Code        anon$$obj.o
    0x008309e0   0x008309e0   0x0000002c   Code   RO          699    i.BusFault_Handler  cobra4_rdw_common.o
    0x00830a0c   0x00830a0c   0x0000002c   Code   RO          700    i.DebugMon_Handler  cobra4_rdw_common.o
    0x00830a38   0x00830a38   0x0000000a   Code   RO        12771    i.F                 md5.o
    0x00830a42   0x00830a42   0x00000008   Code   RO        12772    i.G                 md5.o
    0x00830a4a   0x00830a4a   0x00000006   Code   RO        12773    i.H                 md5.o
    0x00830a50   0x00830a50   0x00000024   Code   RO          701    i.HardFault_Handler  cobra4_rdw_common.o
    0x00830a74   0x00830a74   0x00000008   Code   RO        12774    i.I                 md5.o
    0x00830a7c   0x00830a7c   0x0000002c   Code   RO          702    i.MemManage_Handler  cobra4_rdw_common.o
    0x00830aa8   0x00830aa8   0x0000000a   Code   RO         6873    i.NMI_Handler       cobra_watchdog.o
    0x00830ab2   0x00830ab2   0x00000002   PAD
    0x00830ab4   0x00830ab4   0x00000014   Code   RO         1268    i.NVIC_SetVectorTable  cobra_system.o
    0x00830ac8   0x00830ac8   0x00000010   Code   RO         6131    i.SysTick_Handler   cobra4_systick.o
    0x00830ad8   0x00830ad8   0x00000020   Code   RO        13501    i.SystemInit        system_armcm4.o
    0x00830af8   0x00830af8   0x00000030   Code   RO          703    i.UsageFault_Handler  cobra4_rdw_common.o
    0x00830b28   0x00830b28   0x00000020   Code   RO        13786    i.__0printf$8       mc_w.l(printf8.o)
    0x00830b48   0x00830b48   0x00000028   Code   RO        13958    i.__ARM_fpclassify  m_ws.l(fpclassify.o)
    0x00830b70   0x00830b70   0x0000001a   Code   RO         5075    i.__NVIC_ClearPendingIRQ  cobra_soft_timer.o
    0x00830b8a   0x00830b8a   0x00000022   Code   RO          430    i.__NVIC_DisableIRQ  cobra4_common.o
    0x00830bac   0x00830bac   0x00000022   Code   RO         1269    i.__NVIC_DisableIRQ  cobra_system.o
    0x00830bce   0x00830bce   0x0000001a   Code   RO         2467    i.__NVIC_EnableIRQ  cobra_uart.o
    0x00830be8   0x00830be8   0x0000001a   Code   RO         5077    i.__NVIC_EnableIRQ  cobra_soft_timer.o
    0x00830c02   0x00830c02   0x00000020   Code   RO         2468    i.__NVIC_SetPriority  cobra_uart.o
    0x00830c22   0x00830c22   0x00000020   Code   RO         5078    i.__NVIC_SetPriority  cobra_soft_timer.o
    0x00830c42   0x00830c42   0x00000020   Code   RO         6132    i.__NVIC_SetPriority  cobra4_systick.o
    0x00830c62   0x00830c62   0x00000002   PAD
    0x00830c64   0x00830c64   0x00000388   Code   RO        13903    i.__ieee754_rem_pio2  m_ws.l(rred.o)
    0x00830fec   0x00830fec   0x000000fc   Code   RO        13886    i.__kernel_cos      m_ws.l(cos_i.o)
    0x008310e8   0x008310e8   0x000000aa   Code   RO        13960    i.__kernel_poly     m_ws.l(poly.o)
    0x00831192   0x00831192   0x00000002   PAD
    0x00831194   0x00831194   0x000000ec   Code   RO        13908    i.__kernel_sin      m_ws.l(sin_i.o)
    0x00831280   0x00831280   0x00000006   Code   RO        13890    i.__mathlib_dbl_infnan  m_ws.l(dunder.o)
    0x00831286   0x00831286   0x0000000c   Code   RO        13892    i.__mathlib_dbl_invalid  m_ws.l(dunder.o)
    0x00831292   0x00831292   0x00000002   PAD
    0x00831294   0x00831294   0x00000010   Code   RO        13895    i.__mathlib_dbl_underflow  m_ws.l(dunder.o)
    0x008312a4   0x008312a4   0x0000000e   Code   RO        13972    i.__scatterload_copy  mc_w.l(handlers.o)
    0x008312b2   0x008312b2   0x00000002   Code   RO        13973    i.__scatterload_null  mc_w.l(handlers.o)
    0x008312b4   0x008312b4   0x0000000e   Code   RO        13974    i.__scatterload_zeroinit  mc_w.l(handlers.o)
    0x008312c2   0x008312c2   0x00000002   PAD
    0x008312c4   0x008312c4   0x0000000c   Code   RO        13938    i.__set_errno       mc_w.l(errno.o)
    0x008312d0   0x008312d0   0x00000410   Code   RO        13793    i._printf_core      mc_w.l(printf8.o)
    0x008316e0   0x008316e0   0x00000024   Code   RO        13794    i._printf_post_padding  mc_w.l(printf8.o)
    0x00831704   0x00831704   0x0000002e   Code   RO        13795    i._printf_pre_padding  mc_w.l(printf8.o)
    0x00831732   0x00831732   0x00000002   PAD
    0x00831734   0x00831734   0x00000040   Code   RO        10566    i.app_adc_single_end_calibration  mosquito_killing_statistics.o
    0x00831774   0x00831774   0x00000028   Code   RO         1216    i.app_button_init   app_button.o
    0x0083179c   0x0083179c   0x0000000c   Code   RO         1217    i.app_button_start  app_button.o
    0x008317a8   0x008317a8   0x00000010   Code   RO         1219    i.app_button_sw9_attach_event  app_button.o
    0x008317b8   0x008317b8   0x00000006   Code   RO          432    i.app_cobra_ble_stack_init  cobra4_common.o
    0x008317be   0x008317be   0x00000002   PAD
    0x008317c0   0x008317c0   0x00000040   Code   RO          433    i.app_cobra_init    cobra4_common.o
    0x00831800   0x00831800   0x00000012   Code   RO         5854    i.app_cobra_init_timer0_clock  cobra_timer.o
    0x00831812   0x00831812   0x00000002   PAD
    0x00831814   0x00831814   0x00000010   Code   RO         7375    i.app_cobra_link_soft_timer_init  cobra_multi_timer.o
    0x00831824   0x00831824   0x0000012c   Code   RO         6434    i.app_cobra_rtc_init  cobra_rtc.o
    0x00831950   0x00831950   0x00000044   Code   RO         5079    i.app_cobra_soft_timer_init  cobra_soft_timer.o
    0x00831994   0x00831994   0x000000c0   Code   RO         6951    i.app_cobra_spi_receive_data  cobra_spi.o
    0x00831a54   0x00831a54   0x000000d0   Code   RO         6952    i.app_cobra_spi_transmit_data  cobra_spi.o
    0x00831b24   0x00831b24   0x00000078   Code   RO         6874    i.app_cobra_watchdog_init  cobra_watchdog.o
    0x00831b9c   0x00831b9c   0x0000000c   Code   RO          801    i.app_collection_2_not_ready  app.o
    0x00831ba8   0x00831ba8   0x0000000c   Code   RO          802    i.app_collection_2_ready  app.o
    0x00831bb4   0x00831bb4   0x0000000c   Code   RO          705    i.app_common_get_work_mode  cobra4_rdw_common.o
    0x00831bc0   0x00831bc0   0x00000010   Code   RO          708    i.app_common_uart_hci_mode_init  cobra4_rdw_common.o
    0x00831bd0   0x00831bd0   0x0000000e   Code   RO          434    i.app_custom_application_loop  cobra4_common.o
    0x00831bde   0x00831bde   0x00000038   Code   RO          435    i.app_deep_sleep_disable_interrupt  cobra4_common.o
    0x00831c16   0x00831c16   0x00000048   Code   RO          965    i.app_get_handler   app_task.o
    0x00831c5e   0x00831c5e   0x00000002   PAD
    0x00831c60   0x00831c60   0x00000010   Code   RO          805    i.app_iris_collection2_address  app.o
    0x00831c70   0x00831c70   0x00000018   Code   RO         6714    i.app_m3_gpio_disable_interrupt  rdw_gpio.o
    0x00831c88   0x00831c88   0x00000020   Code   RO         6716    i.app_m3_gpio_init  rdw_gpio.o
    0x00831ca8   0x00831ca8   0x00000004   Code   RO         6717    i.app_m3_gpio_read_pin  rdw_gpio.o
    0x00831cac   0x00831cac   0x00000018   Code   RO         6718    i.app_m3_gpio_set_direction  rdw_gpio.o
    0x00831cc4   0x00831cc4   0x00000008   Code   RO         6720    i.app_m3_gpio_write_pin  rdw_gpio.o
    0x00831ccc   0x00831ccc   0x00000080   Code   RO          437    i.app_m4_custom_application_init  cobra4_common.o
    0x00831d4c   0x00831d4c   0x0000000e   Code   RO          438    i.app_m4_timer_init  cobra4_common.o
    0x00831d5a   0x00831d5a   0x0000006e   Code   RO          709    i.app_m4_trim_init  cobra4_rdw_common.o
    0x00831dc8   0x00831dc8   0x0000004e   Code   RO        10567    i.app_mosquito_killing_ADC_Get  mosquito_killing_statistics.o
    0x00831e16   0x00831e16   0x00000002   PAD
    0x00831e18   0x00831e18   0x00000060   Code   RO        10568    i.app_mosquito_killing_ADC_Init  mosquito_killing_statistics.o
    0x00831e78   0x00831e78   0x00000006   Code   RO        10569    i.app_mosquito_killing_ADC_voltage  mosquito_killing_statistics.o
    0x00831e7e   0x00831e7e   0x00000002   PAD
    0x00831e80   0x00831e80   0x00000054   Code   RO        10089    i.app_mosquito_killing_adjust_rtc  app_mosquito_killing.o
    0x00831ed4   0x00831ed4   0x0000007c   Code   RO        10090    i.app_mosquito_killing_breath_flicker_handler  app_mosquito_killing.o
    0x00831f50   0x00831f50   0x00000098   Code   RO        10615    i.app_mosquito_killing_bt_data_assemble  mosquito_killing_protocol.o
    0x00831fe8   0x00831fe8   0x00000034   Code   RO        10616    i.app_mosquito_killing_bt_data_init  mosquito_killing_protocol.o
    0x0083201c   0x0083201c   0x000008d0   Code   RO        10617    i.app_mosquito_killing_bt_data_process  mosquito_killing_protocol.o
    0x008328ec   0x008328ec   0x000001c4   Code   RO        10618    i.app_mosquito_killing_bt_data_receive  mosquito_killing_protocol.o
    0x00832ab0   0x00832ab0   0x000001ac   Code   RO        10619    i.app_mosquito_killing_bt_data_send  mosquito_killing_protocol.o
    0x00832c5c   0x00832c5c   0x0000002a   Code   RO        10091    i.app_mosquito_killing_bt_led_onoff  app_mosquito_killing.o
    0x00832c86   0x00832c86   0x00000002   PAD
    0x00832c88   0x00832c88   0x00000098   Code   RO        10092    i.app_mosquito_killing_button_press_down_handle  app_mosquito_killing.o
    0x00832d20   0x00832d20   0x00000088   Code   RO        10093    i.app_mosquito_killing_button_press_up_handle  app_mosquito_killing.o
    0x00832da8   0x00832da8   0x000000a8   Code   RO         1270    i.app_mosquito_killing_cobra_nvds_mac_address_init  cobra_system.o
    0x00832e50   0x00832e50   0x000000a4   Code   RO        10094    i.app_mosquito_killing_control  app_mosquito_killing.o
    0x00832ef4   0x00832ef4   0x00000074   Code   RO        10095    i.app_mosquito_killing_curr_month_update  app_mosquito_killing.o
    0x00832f68   0x00832f68   0x00000004   Code   RO        10096    i.app_mosquito_killing_default_handler  app_mosquito_killing.o
    0x00832f6c   0x00832f6c   0x0000001c   Code   RO        10097    i.app_mosquito_killing_detect_prevent_status  app_mosquito_killing.o
    0x00832f88   0x00832f88   0x000001e4   Code   RO        10458    i.app_mosquito_killing_disp_comm_write  mosquito_killing_disp.o
    0x0083316c   0x0083316c   0x00000056   Code   RO        10459    i.app_mosquito_killing_disp_init  mosquito_killing_disp.o
    0x008331c2   0x008331c2   0x00000002   PAD
    0x008331c4   0x008331c4   0x00000130   Code   RO        10098    i.app_mosquito_killing_execute_10ms_period  app_mosquito_killing.o
    0x008332f4   0x008332f4   0x00000014   Code   RO        10099    i.app_mosquito_killing_execute_5ms_period  app_mosquito_killing.o
    0x00833308   0x00833308   0x00000010   Code   RO        10100    i.app_mosquito_killing_get_timing  app_mosquito_killing.o
    0x00833318   0x00833318   0x00000026   Code   RO        10101    i.app_mosquito_killing_gpio_get  app_mosquito_killing.o
    0x0083333e   0x0083333e   0x00000008   Code   RO        10102    i.app_mosquito_killing_gpio_set  app_mosquito_killing.o
    0x00833346   0x00833346   0x00000002   PAD
    0x00833348   0x00833348   0x000000f4   Code   RO        10103    i.app_mosquito_killing_init  app_mosquito_killing.o
    0x0083343c   0x0083343c   0x00000002   Code   RO        10104    i.app_mosquito_killing_io_init  app_mosquito_killing.o
    0x0083343e   0x0083343e   0x00000002   PAD
    0x00833440   0x00833440   0x000000fc   Code   RO        10365    i.app_mosquito_killing_mac_pid_load  mosquito_killing_data.o
    0x0083353c   0x0083353c   0x00000110   Code   RO        10366    i.app_mosquito_killing_mac_pid_write  mosquito_killing_data.o
    0x0083364c   0x0083364c   0x00000070   Code   RO        10105    i.app_mosquito_killing_mode_switch  app_mosquito_killing.o
    0x008336bc   0x008336bc   0x00000004   Code   RO        10106    i.app_mosquito_killing_msg_handler  app_mosquito_killing.o
    0x008336c0   0x008336c0   0x00000086   Code   RO        10107    i.app_mosquito_killing_pin_init  app_mosquito_killing.o
    0x00833746   0x00833746   0x00000002   PAD
    0x00833748   0x00833748   0x00000a10   Code   RO        10108    i.app_mosquito_killing_printf  app_mosquito_killing.o
    0x00834158   0x00834158   0x00000090   Code   RO        10110    i.app_mosquito_killing_pwm_set  app_mosquito_killing.o
    0x008341e8   0x008341e8   0x00000064   Code   RO        10620    i.app_mosquito_killing_receive_bt_data_1ms_period  mosquito_killing_protocol.o
    0x0083424c   0x0083424c   0x00000020   Code   RO        10621    i.app_mosquito_killing_receive_bt_data_softtimer_init  mosquito_killing_protocol.o
    0x0083426c   0x0083426c   0x0000007c   Code   RO        10111    i.app_mosquito_killing_restore_default_flicker_handler  app_mosquito_killing.o
    0x008342e8   0x008342e8   0x00000024   Code   RO        10112    i.app_mosquito_killing_restore_default_setting  app_mosquito_killing.o
    0x0083430c   0x0083430c   0x00000050   Code   RO        10367    i.app_mosquito_killing_setting_data_default_setting  mosquito_killing_data.o
    0x0083435c   0x0083435c   0x0000002e   Code   RO        10369    i.app_mosquito_killing_setting_data_load  mosquito_killing_data.o
    0x0083438a   0x0083438a   0x00000002   PAD
    0x0083438c   0x0083438c   0x00000108   Code   RO        10370    i.app_mosquito_killing_setting_data_read  mosquito_killing_data.o
    0x00834494   0x00834494   0x00000278   Code   RO        10371    i.app_mosquito_killing_setting_data_write  mosquito_killing_data.o
    0x0083470c   0x0083470c   0x0000001e   Code   RO        10113    i.app_mosquito_killing_soft_reset  app_mosquito_killing.o
    0x0083472a   0x0083472a   0x00000002   PAD
    0x0083472c   0x0083472c   0x0000003c   Code   RO        10114    i.app_mosquito_killing_softtimer_init  app_mosquito_killing.o
    0x00834768   0x00834768   0x00000008   Code   RO        10115    i.app_mosquito_killing_start_timer  app_mosquito_killing.o
    0x00834770   0x00834770   0x0000014c   Code   RO        10116    i.app_mosquito_killing_statistics  app_mosquito_killing.o
    0x008348bc   0x008348bc   0x000000a0   Code   RO        10117    i.app_mosquito_killing_stop_timer  app_mosquito_killing.o
    0x0083495c   0x0083495c   0x00000314   Code   RO        10118    i.app_mosquito_killing_timing_check  app_mosquito_killing.o
    0x00834c70   0x00834c70   0x00000050   Code   RO        10460    i.app_mosquito_killing_tm1650_brightness_debug  mosquito_killing_disp.o
    0x00834cc0   0x00834cc0   0x0000000c   Code   RO        10461    i.app_mosquito_killing_tm1650_close  mosquito_killing_disp.o
    0x00834ccc   0x00834ccc   0x000000ec   Code   RO        10462    i.app_mosquito_killing_tm1650_disp  mosquito_killing_disp.o
    0x00834db8   0x00834db8   0x0000001c   Code   RO        10463    i.app_mosquito_killing_tm1650_disp_all_month_count  mosquito_killing_disp.o
    0x00834dd4   0x00834dd4   0x00000038   Code   RO        10464    i.app_mosquito_killing_tm1650_disp_clear  mosquito_killing_disp.o
    0x00834e0c   0x00834e0c   0x00000048   Code   RO        10465    i.app_mosquito_killing_tm1650_disp_debug  mosquito_killing_disp.o
    0x00834e54   0x00834e54   0x0000006c   Code   RO        10467    i.app_mosquito_killing_tm1650_init  mosquito_killing_disp.o
    0x00834ec0   0x00834ec0   0x0000000c   Code   RO        10468    i.app_mosquito_killing_tm1650_open  mosquito_killing_disp.o
    0x00834ecc   0x00834ecc   0x00000044   Code   RO        10469    i.app_mosquito_killing_tm1650_ota_disp  mosquito_killing_disp.o
    0x00834f10   0x00834f10   0x00000040   Code   RO        10470    i.app_mosquito_killing_tm1650_restore_disp  mosquito_killing_disp.o
    0x00834f50   0x00834f50   0x00000054   Code   RO        10119    i.app_mosquito_killing_top_led_flicker_handler  app_mosquito_killing.o
    0x00834fa4   0x00834fa4   0x0000005c   Code   RO        10120    i.app_mosquito_killing_variable_init  app_mosquito_killing.o
    0x00835000   0x00835000   0x0000008c   Code   RO        10121    i.app_mosquito_killing_watchdog_init  app_mosquito_killing.o
    0x0083508c   0x0083508c   0x000000f4   Code   RO        10122    i.app_mosquito_killing_watchdog_restore  app_mosquito_killing.o
    0x00835180   0x00835180   0x00000054   Code   RO        10123    i.app_mosquito_killing_work_mode_all_off  app_mosquito_killing.o
    0x008351d4   0x008351d4   0x00000020   Code   RO        10124    i.app_mosquito_killing_work_mode_all_on  app_mosquito_killing.o
    0x008351f4   0x008351f4   0x00000034   Code   RO        10125    i.app_mosquito_killing_work_mode_zero_clear  app_mosquito_killing.o
    0x00835228   0x00835228   0x0000004c   Code   RO         9515    i.app_rdw_udma_init  rdw_dma.o
    0x00835274   0x00835274   0x00000010   Code   RO         9518    i.app_rwd_udma_reset  rdw_dma.o
    0x00835284   0x00835284   0x0000000c   Code   RO         1084    i.app_sec_get_bond_status  app_sec.o
    0x00835290   0x00835290   0x00000024   Code   RO         1085    i.app_sec_init      app_sec.o
    0x008352b4   0x008352b4   0x00000004   Code   RO         1086    i.app_sec_msg_dflt_handler  app_sec.o
    0x008352b8   0x008352b8   0x0000002e   Code   RO        12473    i.app_wechat_add_service  app_ble_wechat.o
    0x008352e6   0x008352e6   0x00000002   PAD
    0x008352e8   0x008352e8   0x00000020   Code   RO        13402    i.app_wechat_ble_init  app_wechat.o
    0x00835308   0x00835308   0x00000010   Code   RO        13403    i.app_wechat_ble_loop  app_wechat.o
    0x00835318   0x00835318   0x0000000c   Code   RO        12837    i.app_wechat_disbale_ind  mpbledemo2.o
    0x00835324   0x00835324   0x00000010   Code   RO        12474    i.app_wechat_disconnection  app_ble_wechat.o
    0x00835334   0x00835334   0x0000000c   Code   RO        12838    i.app_wechat_enable_ind  mpbledemo2.o
    0x00835340   0x00835340   0x00000054   Code   RO        12475    i.app_wechat_ind_handler  app_ble_wechat.o
    0x00835394   0x00835394   0x0000000c   Code   RO        12476    i.app_wechat_init   app_ble_wechat.o
    0x008353a0   0x008353a0   0x00000004   Code   RO        12477    i.app_wechat_msg_handler  app_ble_wechat.o
    0x008353a4   0x008353a4   0x00000012   Code   RO        12478    i.app_wechat_rx_handler  app_ble_wechat.o
    0x008353b6   0x008353b6   0x00000002   PAD
    0x008353b8   0x008353b8   0x00000044   Code   RO        12479    i.app_wechat_send_data  app_ble_wechat.o
    0x008353fc   0x008353fc   0x00000004   Code   RO        12480    i.app_wechat_send_rsp_handler  app_ble_wechat.o
    0x00835400   0x00835400   0x00000054   Code   RO        12775    i.append_padding_bits  md5.o
    0x00835454   0x00835454   0x00000028   Code   RO          806    i.appm_add_svc      app.o
    0x0083547c   0x0083547c   0x000000d8   Code   RO          807    i.appm_adv_fsm_next  app.o
    0x00835554   0x00835554   0x00000098   Code   RO          599    i.appm_build_adv_data  cobra4_ble_common.o
    0x008355ec   0x008355ec   0x00000048   Code   RO          809    i.appm_create_advertising  app.o
    0x00835634   0x00835634   0x0000002c   Code   RO          811    i.appm_disconnect   app.o
    0x00835660   0x00835660   0x00000038   Code   RO          601    i.appm_get_dev_name  cobra4_ble_common.o
    0x00835698   0x00835698   0x0000006c   Code   RO          812    i.appm_init         app.o
    0x00835704   0x00835704   0x00000048   Code   RO          966    i.appm_msg_handler  app_task.o
    0x0083574c   0x0083574c   0x0000001c   Code   RO          813    i.appm_send_gapm_reset_cmd  app.o
    0x00835768   0x00835768   0x0000007c   Code   RO          814    i.appm_set_scan_rsp_data  app.o
    0x008357e4   0x008357e4   0x0000002c   Code   RO          815    i.appm_stop_advertising  app.o
    0x00835810   0x00835810   0x00000004   Code   RO          816    i.appm_update_adv_state  app.o
    0x00835814   0x00835814   0x00000002   Code   RO        12839    i.ble_mpbledemo2_on_ble_evt  mpbledemo2.o
    0x00835816   0x00835816   0x00000008   Code   RO         7296    i.button_attach     cobra_button.o
    0x0083581e   0x0083581e   0x000000cc   Code   RO         7297    i.button_handler    cobra_button.o
    0x008358ea   0x008358ea   0x0000002c   Code   RO         7298    i.button_init       cobra_button.o
    0x00835916   0x00835916   0x00000002   PAD
    0x00835918   0x00835918   0x00000024   Code   RO         7299    i.button_start      cobra_button.o
    0x0083593c   0x0083593c   0x0000001c   Code   RO         7301    i.button_ticks      cobra_button.o
    0x00835958   0x00835958   0x0000000e   Code   RO        12991    i.checkCPUendian    ble_wechat_util.o
    0x00835966   0x00835966   0x00000002   PAD
    0x00835968   0x00835968   0x00000020   Code   RO         7302    i.cobra4A_button_init  cobra_button.o
    0x00835988   0x00835988   0x00000002   Code   RO         1271    i.cobra4_aes_sm4_interrupt  cobra_system.o
    0x0083598a   0x0083598a   0x00000002   PAD
    0x0083598c   0x0083598c   0x0000001c   Code   RO         1567    i.cobra4_aon_pd_top_an_clk_gpadc_32k_gate_en  cobra4_aon_top.o
    0x008359a8   0x008359a8   0x0000001c   Code   RO         1575    i.cobra4_aon_pd_top_aon2mcu_source3_selection  cobra4_aon_top.o
    0x008359c4   0x008359c4   0x0000003c   Code   RO         1578    i.cobra4_aon_pd_top_aon_hclk_clock_selection  cobra4_aon_top.o
    0x00835a00   0x00835a00   0x0000001c   Code   RO         1579    i.cobra4_aon_pd_top_aon_hclk_divider  cobra4_aon_top.o
    0x00835a1c   0x00835a1c   0x00000020   Code   RO         1580    i.cobra4_aon_pd_top_aon_pclk_divider  cobra4_aon_top.o
    0x00835a3c   0x00835a3c   0x0000001c   Code   RO         1582    i.cobra4_aon_pd_top_csem_rf_pclk_en  cobra4_aon_top.o
    0x00835a58   0x00835a58   0x0000001c   Code   RO         1584    i.cobra4_aon_pd_top_d2a_anatmux_en  cobra4_aon_top.o
    0x00835a74   0x00835a74   0x00000020   Code   RO         1585    i.cobra4_aon_pd_top_d2a_anatmux_sel  cobra4_aon_top.o
    0x00835a94   0x00835a94   0x00000020   Code   RO         1589    i.cobra4_aon_pd_top_d2a_bgln_vref_trim  cobra4_aon_top.o
    0x00835ab4   0x00835ab4   0x0000001c   Code   RO         1590    i.cobra4_aon_pd_top_d2a_btgapadc_en_gpadc_en  cobra4_aon_top.o
    0x00835ad0   0x00835ad0   0x0000001c   Code   RO         1591    i.cobra4_aon_pd_top_d2a_btgpadc_32k_mode_en  cobra4_aon_top.o
    0x00835aec   0x00835aec   0x00000020   Code   RO         1593    i.cobra4_aon_pd_top_d2a_btgpadc_adcgain  cobra4_aon_top.o
    0x00835b0c   0x00835b0c   0x00000050   Code   RO         1594    i.cobra4_aon_pd_top_d2a_btgpadc_diff  cobra4_aon_top.o
    0x00835b5c   0x00835b5c   0x0000001c   Code   RO         1595    i.cobra4_aon_pd_top_d2a_btgpadc_en_t2vc_en  cobra4_aon_top.o
    0x00835b78   0x00835b78   0x00000048   Code   RO         1596    i.cobra4_aon_pd_top_d2a_btgpadc_mode  cobra4_aon_top.o
    0x00835bc0   0x00835bc0   0x0000004c   Code   RO         1597    i.cobra4_aon_pd_top_d2a_btgpadc_vpin_sel  cobra4_aon_top.o
    0x00835c0c   0x00835c0c   0x00000020   Code   RO         1607    i.cobra4_aon_pd_top_d2a_ldoanaforpll_trim  cobra4_aon_top.o
    0x00835c2c   0x00835c2c   0x0000001c   Code   RO         1617    i.cobra4_aon_pd_top_d2a_vdd3_adc_en  cobra4_aon_top.o
    0x00835c48   0x00835c48   0x0000001c   Code   RO         1618    i.cobra4_aon_pd_top_d2a_vr3v3to1v8_1v2ref_sel  cobra4_aon_top.o
    0x00835c64   0x00835c64   0x0000001c   Code   RO         1620    i.cobra4_aon_pd_top_d2a_vr3v3to1v8_ldoadc_en  cobra4_aon_top.o
    0x00835c80   0x00835c80   0x00000020   Code   RO         1621    i.cobra4_aon_pd_top_d2a_vr3v3to1v8_votrim  cobra4_aon_top.o
    0x00835ca0   0x00835ca0   0x0000001c   Code   RO         1626    i.cobra4_aon_pd_top_dcdc_pmu_pclk_en  cobra4_aon_top.o
    0x00835cbc   0x00835cbc   0x0000001c   Code   RO         1628    i.cobra4_aon_pd_top_dualtimers_pclk_en  cobra4_aon_top.o
    0x00835cd8   0x00835cd8   0x0000003c   Code   RO         1637    i.cobra4_aon_pd_top_gpadc_clock_selection  cobra4_aon_top.o
    0x00835d14   0x00835d14   0x00000020   Code   RO         1638    i.cobra4_aon_pd_top_hf_clock_selection  cobra4_aon_top.o
    0x00835d34   0x00835d34   0x0000001c   Code   RO         1640    i.cobra4_aon_pd_top_icytrx_reset_en  cobra4_aon_top.o
    0x00835d50   0x00835d50   0x00000010   Code   RO         1641    i.cobra4_aon_pd_top_init  cobra4_aon_top.o
    0x00835d60   0x00835d60   0x0000004c   Code   RO         1642    i.cobra4_aon_pd_top_lf_clock_selection  cobra4_aon_top.o
    0x00835dac   0x00835dac   0x0000001c   Code   RO         1650    i.cobra4_aon_pd_top_pinmux_pclk_en  cobra4_aon_top.o
    0x00835dc8   0x00835dc8   0x00000010   Code   RO         1651    i.cobra4_aon_pd_top_protection_en  cobra4_aon_top.o
    0x00835dd8   0x00835dd8   0x0000001c   Code   RO         1652    i.cobra4_aon_pd_top_rtc0_clk_en  cobra4_aon_top.o
    0x00835df4   0x00835df4   0x0000001c   Code   RO         1654    i.cobra4_aon_pd_top_rtc0_pclk_en  cobra4_aon_top.o
    0x00835e10   0x00835e10   0x0000001c   Code   RO         1658    i.cobra4_aon_pd_top_ucpu_mask_en  cobra4_aon_top.o
    0x00835e2c   0x00835e2c   0x0000001c   Code   RO         1659    i.cobra4_aon_pd_top_ucpu_pclk_en  cobra4_aon_top.o
    0x00835e48   0x00835e48   0x0000001c   Code   RO         1661    i.cobra4_aon_pd_top_watchdog_freq_div  cobra4_aon_top.o
    0x00835e64   0x00835e64   0x00000020   Code   RO         1662    i.cobra4_aon_pd_top_watchdog_freq_enable  cobra4_aon_top.o
    0x00835e84   0x00835e84   0x0000001c   Code   RO         1664    i.cobra4_aon_pd_top_watchdog_pclk_en  cobra4_aon_top.o
    0x00835ea0   0x00835ea0   0x0000001c   Code   RO         1665    i.cobra4_aon_pd_top_watchdog_presetn_en  cobra4_aon_top.o
    0x00835ebc   0x00835ebc   0x00000020   Code   RO         2194    i.cobra4_aon_wk_aon_csem_clk_selection  cobra4_aon_wk.o
    0x00835edc   0x00835edc   0x00000020   Code   RO         2196    i.cobra4_aon_wk_aon_rcosc24m_en  cobra4_aon_wk.o
    0x00835efc   0x00835efc   0x00000020   Code   RO         2198    i.cobra4_aon_wk_aon_rcosc32k_en  cobra4_aon_wk.o
    0x00835f1c   0x00835f1c   0x0000001c   Code   RO         2200    i.cobra4_aon_wk_aon_soft_sysrst_en  cobra4_aon_wk.o
    0x00835f38   0x00835f38   0x0000001c   Code   RO         2201    i.cobra4_aon_wk_aon_warm_sysrst_en  cobra4_aon_wk.o
    0x00835f54   0x00835f54   0x00000020   Code   RO         2202    i.cobra4_aon_wk_aon_xtal32k_en  cobra4_aon_wk.o
    0x00835f74   0x00835f74   0x0000001c   Code   RO         2210    i.cobra4_aon_wk_icytrx_iso_en  cobra4_aon_wk.o
    0x00835f90   0x00835f90   0x00000010   Code   RO         2211    i.cobra4_aon_wk_init  cobra4_aon_wk.o
    0x00835fa0   0x00835fa0   0x0000001c   Code   RO         2218    i.cobra4_aon_wk_pd0_sw_ldo0_manu_enable  cobra4_aon_wk.o
    0x00835fbc   0x00835fbc   0x0000001c   Code   RO         2220    i.cobra4_aon_wk_pd0_sw_perm_manu_enable  cobra4_aon_wk.o
    0x00835fd8   0x00835fd8   0x00000010   Code   RO         2227    i.cobra4_aon_wk_protection_en  cobra4_aon_wk.o
    0x00835fe8   0x00835fe8   0x0000001c   Code   RO         2422    i.cobra4_d_vad_bt_clock_sel  cobra4_d_vad.o
    0x00836004   0x00836004   0x00000018   Code   RO         2425    i.cobra4_d_vad_init  cobra4_d_vad.o
    0x0083601c   0x0083601c   0x0000001c   Code   RO         2426    i.cobra4_d_vad_send_sigal_to_ppu  cobra4_d_vad.o
    0x00836038   0x00836038   0x0000001c   Code   RO         7209    i.cobra4_gpadc_cfg_comparator_b_in_mode  cobra4_gpadc.o
    0x00836054   0x00836054   0x0000001c   Code   RO         7210    i.cobra4_gpadc_cfg_debounce_filter_clk_divide_vld  cobra4_gpadc.o
    0x00836070   0x00836070   0x00000018   Code   RO         7211    i.cobra4_gpadc_cfg_debounce_filter_clock_count_max  cobra4_gpadc.o
    0x00836088   0x00836088   0x0000001c   Code   RO         7212    i.cobra4_gpadc_cfg_debounce_filter_en  cobra4_gpadc.o
    0x008360a4   0x008360a4   0x00000018   Code   RO         7213    i.cobra4_gpadc_cfg_debounce_sample_points  cobra4_gpadc.o
    0x008360bc   0x008360bc   0x0000001c   Code   RO         7214    i.cobra4_gpadc_fifo_enable  cobra4_gpadc.o
    0x008360d8   0x008360d8   0x00000010   Code   RO         7215    i.cobra4_gpadc_fifo_is_empty  cobra4_gpadc.o
    0x008360e8   0x008360e8   0x0000001c   Code   RO         7216    i.cobra4_gpadc_fifo_overflow_clr  cobra4_gpadc.o
    0x00836104   0x00836104   0x0000001c   Code   RO         7217    i.cobra4_gpadc_fifo_underflow_clr  cobra4_gpadc.o
    0x00836120   0x00836120   0x0000001c   Code   RO         7218    i.cobra4_gpadc_fifo_wen_enable  cobra4_gpadc.o
    0x0083613c   0x0083613c   0x00000044   Code   RO         9916    i.cobra4_gpadc_get_adc_data_init_gpio_neg  rdw_adc.o
    0x00836180   0x00836180   0x00000044   Code   RO         9917    i.cobra4_gpadc_get_adc_data_init_gpio_pos  rdw_adc.o
    0x008361c4   0x008361c4   0x0000001c   Code   RO         7219    i.cobra4_gpadc_init  cobra4_gpadc.o
    0x008361e0   0x008361e0   0x0000000c   Code   RO         7220    i.cobra4_gpadc_read_adc_data  cobra4_gpadc.o
    0x008361ec   0x008361ec   0x0000001c   Code   RO         1272    i.cobra4_system_init_clk  cobra_system.o
    0x00836208   0x00836208   0x00000044   Code   RO         6133    i.cobra4_systick_init  cobra4_systick.o
    0x0083624c   0x0083624c   0x0000000c   Code   RO         2478    i.cobra4_uart_set_receive_callback  cobra_uart.o
    0x00836258   0x00836258   0x0000001c   Code   RO         4532    i.cobra_aon_dcdc_bgp_en  cobra_aon_dcdc.o
    0x00836274   0x00836274   0x00000010   Code   RO         4567    i.cobra_aon_dcdc_init  cobra_aon_dcdc.o
    0x00836284   0x00836284   0x0000001c   Code   RO         4584    i.cobra_aon_dcdc_ldo_vddd_en  cobra_aon_dcdc.o
    0x008362a0   0x008362a0   0x0000001c   Code   RO         4592    i.cobra_aon_dcdc_ptat_enb  cobra_aon_dcdc.o
    0x008362bc   0x008362bc   0x00000004   Code   RO         1273    i.cobra_aon_event3_interrupt  cobra_system.o
    0x008362c0   0x008362c0   0x00000030   Code   RO         1274    i.cobra_aon_event4_interrupt  cobra_system.o
    0x008362f0   0x008362f0   0x0000000c   Code   RO         6786    i.cobra_app_background_task_init  app_bk_task.o
    0x008362fc   0x008362fc   0x00000020   Code   RO         6792    i.cobra_background_task_callback  app_bk_task.o
    0x0083631c   0x0083631c   0x00000010   Code   RO         5763    i.cobra_cache_init  cobra_cache_ctrl.o
    0x0083632c   0x0083632c   0x0000002c   Code   RO         5765    i.cobra_cache_invalidate_the_cache  cobra_cache_ctrl.o
    0x00836358   0x00836358   0x00000024   Code   RO         5769    i.cobra_cache_normal_mode_enable  cobra_cache_ctrl.o
    0x0083637c   0x0083637c   0x00000044   Code   RO         5655    i.cobra_ceva_baseband_csem_init  cobra_ceva_baseband.o
    0x008363c0   0x008363c0   0x0000002c   Code   RO         5657    i.cobra_ceva_baseband_csem_register_write  cobra_ceva_baseband.o
    0x008363ec   0x008363ec   0x0000003c   Code   RO         5661    i.cobra_ceva_baseband_icytrx_xtal_48m_enable  cobra_ceva_baseband.o
    0x00836428   0x00836428   0x00000010   Code   RO         5662    i.cobra_ceva_baseband_init  cobra_ceva_baseband.o
    0x00836438   0x00836438   0x0000001c   Code   RO         5663    i.cobra_ceva_baseband_jef_select_setf  cobra_ceva_baseband.o
    0x00836454   0x00836454   0x00000012   Code   RO         5664    i.cobra_ceva_baseband_spi_go  cobra_ceva_baseband.o
    0x00836466   0x00836466   0x00000002   PAD
    0x00836468   0x00836468   0x00000018   Code   RO         5665    i.cobra_ceva_baseband_spigo_complete  cobra_ceva_baseband.o
    0x00836480   0x00836480   0x0000001c   Code   RO         5666    i.cobra_ceva_baseband_spigo_enable  cobra_ceva_baseband.o
    0x0083649c   0x0083649c   0x00000018   Code   RO         5667    i.cobra_ceva_baseband_spiptr_set  cobra_ceva_baseband.o
    0x008364b4   0x008364b4   0x00000014   Code   RO         5668    i.cobra_ceva_baseband_sync_pulse_mode_setf  cobra_ceva_baseband.o
    0x008364c8   0x008364c8   0x00000014   Code   RO         5669    i.cobra_ceva_baseband_sync_pulse_src_setf  cobra_ceva_baseband.o
    0x008364dc   0x008364dc   0x00000020   Code   RO         5670    i.cobra_ceva_baseband_xrfsel_setf  cobra_ceva_baseband.o
    0x008364fc   0x008364fc   0x00000018   Code   RO         1275    i.cobra_clock_default_setting  cobra_system.o
    0x00836514   0x00836514   0x00000014   Code   RO         1276    i.cobra_cpu_set_frequency  cobra_system.o
    0x00836528   0x00836528   0x0000000c   Code   RO         1279    i.cobra_get_calculate_mode  cobra_system.o
    0x00836534   0x00836534   0x00000030   Code   RO         9519    i.cobra_m3_dma_interrupt  rdw_dma.o
    0x00836564   0x00836564   0x00000020   Code   RO         6954    i.cobra_m3_spi0_interrupt  cobra_spi.o
    0x00836584   0x00836584   0x00000020   Code   RO         6955    i.cobra_m3_spi1_interrupt  cobra_spi.o
    0x008365a4   0x008365a4   0x00000018   Code   RO         5858    i.cobra_m3_timer0_interrupt  cobra_timer.o
    0x008365bc   0x008365bc   0x0000001c   Code   RO         5859    i.cobra_m3_timer1_interrupt  cobra_timer.o
    0x008365d8   0x008365d8   0x00000060   Code   RO         2732    i.cobra_m3_trng_interrupt  cobra_trng.o
    0x00836638   0x00836638   0x00000010   Code   RO         6033    i.cobra_m4_get_interrupt_status  cobra_m4_gpio.o
    0x00836648   0x00836648   0x00000024   Code   RO         6035    i.cobra_m4_gpio_get_value  cobra_m4_gpio.o
    0x0083666c   0x0083666c   0x00000018   Code   RO         6036    i.cobra_m4_gpio_init  cobra_m4_gpio.o
    0x00836684   0x00836684   0x00000038   Code   RO         6721    i.cobra_m4_gpio_interrupt  rdw_gpio.o
    0x008366bc   0x008366bc   0x00000006   Code   RO         6037    i.cobra_m4_gpio_interrupt_disable  cobra_m4_gpio.o
    0x008366c2   0x008366c2   0x00000006   Code   RO         6041    i.cobra_m4_gpio_set_high_z  cobra_m4_gpio.o
    0x008366c8   0x008366c8   0x00000016   Code   RO         6042    i.cobra_m4_gpio_set_input  cobra_m4_gpio.o
    0x008366de   0x008366de   0x00000006   Code   RO         6043    i.cobra_m4_gpio_set_output  cobra_m4_gpio.o
    0x008366e4   0x008366e4   0x0000000c   Code   RO         6044    i.cobra_m4_gpio_set_value  cobra_m4_gpio.o
    0x008366f0   0x008366f0   0x00000130   Code   RO         2479    i.cobra_m4_uart0_interrupt  cobra_uart.o
    0x00836820   0x00836820   0x0000002e   Code   RO         2480    i.cobra_m4_uart1_interrupt  cobra_uart.o
    0x0083684e   0x0083684e   0x00000002   PAD
    0x00836850   0x00836850   0x00000030   Code   RO         5000    i.cobra_map_pinmodeset  cobra_pinmux.o
    0x00836880   0x00836880   0x00000038   Code   RO         1281    i.cobra_meter_clock_setting  cobra_system.o
    0x008368b8   0x008368b8   0x00000010   Code   RO         7447    i.cobra_mpwm_init   cobra4a_mpwm.o
    0x008368c8   0x008368c8   0x00000080   Code   RO         1282    i.cobra_nvds_init   cobra_system.o
    0x00836948   0x00836948   0x0000000c   Code   RO         1284    i.cobra_nvds_param_ok  cobra_system.o
    0x00836954   0x00836954   0x00000028   Code   RO         1285    i.cobra_nvds_read_param  cobra_system.o
    0x0083697c   0x0083697c   0x0000001c   Code   RO         2794    i.cobra_pcrm_aon_inf_bridge_hclk_active_mode_clock_enable  cobra_pcrm.o
    0x00836998   0x00836998   0x00000018   Code   RO         2797    i.cobra_pcrm_apb1_clk_shift_pattern  cobra_pcrm.o
    0x008369b0   0x008369b0   0x00000014   Code   RO         2798    i.cobra_pcrm_apb2_clk_shift_pattern  cobra_pcrm.o
    0x008369c4   0x008369c4   0x00000018   Code   RO         2799    i.cobra_pcrm_apb3_clk_shift_pattern  cobra_pcrm.o
    0x008369dc   0x008369dc   0x0000001c   Code   RO         2802    i.cobra_pcrm_apll_dclk_active_mode_clock_enable  cobra_pcrm.o
    0x008369f8   0x008369f8   0x00000020   Code   RO         2803    i.cobra_pcrm_apll_dclk_deep_sleep_mode_clock_enable  cobra_pcrm.o
    0x00836a18   0x00836a18   0x0000001c   Code   RO         2808    i.cobra_pcrm_bluetooth_active_mode_clock_enable  cobra_pcrm.o
    0x00836a34   0x00836a34   0x00000020   Code   RO         2810    i.cobra_pcrm_bluetooth_sleep_mode_clock_enable  cobra_pcrm.o
    0x00836a54   0x00836a54   0x0000001c   Code   RO         2811    i.cobra_pcrm_bt_cpu_active_mode_clock_enable  cobra_pcrm.o
    0x00836a70   0x00836a70   0x00000020   Code   RO         2812    i.cobra_pcrm_bt_cpu_deep_sleep_mode_clock_enable  cobra_pcrm.o
    0x00836a90   0x00836a90   0x00000020   Code   RO         2813    i.cobra_pcrm_bt_cpu_sleep_mode_clock_enable  cobra_pcrm.o
    0x00836ab0   0x00836ab0   0x0000001c   Code   RO         2861    i.cobra_pcrm_eflash_ctrl_active_mode_clock_enable  cobra_pcrm.o
    0x00836acc   0x00836acc   0x00000020   Code   RO         2862    i.cobra_pcrm_eflash_ctrl_deep_sleep_mode_clock_enable  cobra_pcrm.o
    0x00836aec   0x00836aec   0x00000010   Code   RO         2920    i.cobra_pcrm_init   cobra_pcrm.o
    0x00836afc   0x00836afc   0x00000020   Code   RO         2921    i.cobra_pcrm_irda_active_mode_clock_enable  cobra_pcrm.o
    0x00836b1c   0x00836b1c   0x00000020   Code   RO         2922    i.cobra_pcrm_irda_deep_sleep_mode_clock_enable  cobra_pcrm.o
    0x00836b3c   0x00836b3c   0x00000020   Code   RO         2925    i.cobra_pcrm_irda_sleep_mode_clock_enable  cobra_pcrm.o
    0x00836b5c   0x00836b5c   0x00000014   Code   RO         2930    i.cobra_pcrm_m0_system_clk_shift_pattern  cobra_pcrm.o
    0x00836b70   0x00836b70   0x0000001c   Code   RO         2931    i.cobra_pcrm_m3_active_mode_clock_enable  cobra_pcrm.o
    0x00836b8c   0x00836b8c   0x00000020   Code   RO         2933    i.cobra_pcrm_m3_deep_sleep_mode_clock_enable  cobra_pcrm.o
    0x00836bac   0x00836bac   0x0000001c   Code   RO         2940    i.cobra_pcrm_m3_warm_request_en  cobra_pcrm.o
    0x00836bc8   0x00836bc8   0x00000020   Code   RO         2944    i.cobra_pcrm_mpwm_active_mode_clock_enable  cobra_pcrm.o
    0x00836be8   0x00836be8   0x00000020   Code   RO         2946    i.cobra_pcrm_mpwm_sleep_mode_clock_enable  cobra_pcrm.o
    0x00836c08   0x00836c08   0x00000024   Code   RO         2948    i.cobra_pcrm_p1_power_ctrl  cobra_pcrm.o
    0x00836c2c   0x00836c2c   0x00000024   Code   RO         2950    i.cobra_pcrm_p2_power_ctrl  cobra_pcrm.o
    0x00836c50   0x00836c50   0x00000020   Code   RO         2955    i.cobra_pcrm_pdm0_sleep_mode_clock_enable  cobra_pcrm.o
    0x00836c70   0x00836c70   0x0000001c   Code   RO         2962    i.cobra_pcrm_pinmux_active_mode_clock_enable  cobra_pcrm.o
    0x00836c8c   0x00836c8c   0x00000020   Code   RO         2963    i.cobra_pcrm_pinmux_deep_sleep_mode_clock_enable  cobra_pcrm.o
    0x00836cac   0x00836cac   0x0000001c   Code   RO         2978    i.cobra_pcrm_sha_active_mode_clock_enable  cobra_pcrm.o
    0x00836cc8   0x00836cc8   0x0000001c   Code   RO         2984    i.cobra_pcrm_shift_pattern_length  cobra_pcrm.o
    0x00836ce4   0x00836ce4   0x0000001c   Code   RO         2986    i.cobra_pcrm_soft_reset_whole_chip  cobra_pcrm.o
    0x00836d00   0x00836d00   0x0000001c   Code   RO         2999    i.cobra_pcrm_spiflash_ctrl_active_mode_clock_enable  cobra_pcrm.o
    0x00836d1c   0x00836d1c   0x00000020   Code   RO         3000    i.cobra_pcrm_spiflash_ctrl_deep_sleep_mode_clock_enable  cobra_pcrm.o
    0x00836d3c   0x00836d3c   0x0000001c   Code   RO         3017    i.cobra_pcrm_system_bus_active_mode_clock_enable  cobra_pcrm.o
    0x00836d58   0x00836d58   0x00000020   Code   RO         3018    i.cobra_pcrm_system_bus_deep_sleep_mode_clock_enable  cobra_pcrm.o
    0x00836d78   0x00836d78   0x00000018   Code   RO         3021    i.cobra_pcrm_system_clk_divider  cobra_pcrm.o
    0x00836d90   0x00836d90   0x00000020   Code   RO         3022    i.cobra_pcrm_timer0_active_mode_clock_enable  cobra_pcrm.o
    0x00836db0   0x00836db0   0x00000020   Code   RO         3024    i.cobra_pcrm_timer0_sleep_mode_clock_enable  cobra_pcrm.o
    0x00836dd0   0x00836dd0   0x00000020   Code   RO         3026    i.cobra_pcrm_timer1_active_mode_clock_enable  cobra_pcrm.o
    0x00836df0   0x00836df0   0x00000020   Code   RO         3037    i.cobra_pcrm_trng_active_mode_clock_enable  cobra_pcrm.o
    0x00836e10   0x00836e10   0x00000024   Code   RO         3042    i.cobra_pcrm_uart0_active_mode_clock_enable  cobra_pcrm.o
    0x00836e34   0x00836e34   0x0000001c   Code   RO         3043    i.cobra_pcrm_uart0_clk_mask_en  cobra_pcrm.o
    0x00836e50   0x00836e50   0x00000024   Code   RO         3044    i.cobra_pcrm_uart0_deep_sleep_mode_clock_enable  cobra_pcrm.o
    0x00836e74   0x00836e74   0x00000024   Code   RO         3045    i.cobra_pcrm_uart0_sleep_mode_clock_enable  cobra_pcrm.o
    0x00836e98   0x00836e98   0x0000001c   Code   RO         3046    i.cobra_pcrm_uart0_soft_reset  cobra_pcrm.o
    0x00836eb4   0x00836eb4   0x00000024   Code   RO         3049    i.cobra_pcrm_uart1_active_mode_clock_enable  cobra_pcrm.o
    0x00836ed8   0x00836ed8   0x0000001c   Code   RO         3050    i.cobra_pcrm_uart1_clk_mask_en  cobra_pcrm.o
    0x00836ef4   0x00836ef4   0x00000024   Code   RO         3051    i.cobra_pcrm_uart1_deep_sleep_mode_clock_enable  cobra_pcrm.o
    0x00836f18   0x00836f18   0x00000024   Code   RO         3052    i.cobra_pcrm_uart1_sleep_mode_clock_enable  cobra_pcrm.o
    0x00836f3c   0x00836f3c   0x0000001c   Code   RO         3054    i.cobra_pcrm_udma_active_mode_clock_enable  cobra_pcrm.o
    0x00836f58   0x00836f58   0x00000020   Code   RO         3056    i.cobra_pcrm_udma_sleep_mode_clock_enable  cobra_pcrm.o
    0x00836f78   0x00836f78   0x0000001c   Code   RO         3057    i.cobra_pcrm_udma_soft_reset  cobra_pcrm.o
    0x00836f94   0x00836f94   0x0000001c   Code   RO         3059    i.cobra_pcrm_vim_active_mode_clock_enable  cobra_pcrm.o
    0x00836fb0   0x00836fb0   0x0000001c   Code   RO         3060    i.cobra_pcrm_vim_cache_active_mode_clock_enable  cobra_pcrm.o
    0x00836fcc   0x00836fcc   0x00000020   Code   RO         3061    i.cobra_pcrm_vim_cache_deep_sleep_mode_clock_enable  cobra_pcrm.o
    0x00836fec   0x00836fec   0x00000020   Code   RO         3064    i.cobra_pcrm_vim_deep_sleep_mode_clock_enable  cobra_pcrm.o
    0x0083700c   0x0083700c   0x0000001c   Code   RO         3067    i.cobra_pcrm_vim_sys_bus_active_mode_clock_enable  cobra_pcrm.o
    0x00837028   0x00837028   0x00000020   Code   RO         3068    i.cobra_pcrm_vim_sys_bus_deep_sleep_mode_clock_enable  cobra_pcrm.o
    0x00837048   0x00837048   0x0000001c   Code   RO         3072    i.cobra_pcrm_whole_chip_warm_request_en  cobra_pcrm.o
    0x00837064   0x00837064   0x00000020   Code   RO         5001    i.cobra_pin_drain_source_enable  cobra_pinmux.o
    0x00837084   0x00837084   0x00000028   Code   RO         5003    i.cobra_pin_input_enable  cobra_pinmux.o
    0x008370ac   0x008370ac   0x00000020   Code   RO         5006    i.cobra_pin_level_detect_enable  cobra_pinmux.o
    0x008370cc   0x008370cc   0x00000020   Code   RO         5008    i.cobra_pin_pullup_enable  cobra_pinmux.o
    0x008370ec   0x008370ec   0x00000010   Code   RO         5009    i.cobra_pinmux_init  cobra_pinmux.o
    0x008370fc   0x008370fc   0x00000010   Code   RO         6439    i.cobra_rtc_alarm1_interrupt_status  cobra_rtc.o
    0x0083710c   0x0083710c   0x00000020   Code   RO         6440    i.cobra_rtc_alarm1_write_en  cobra_rtc.o
    0x0083712c   0x0083712c   0x00000010   Code   RO         6443    i.cobra_rtc_alarm2_interrupt_status  cobra_rtc.o
    0x0083713c   0x0083713c   0x00000014   Code   RO         6445    i.cobra_rtc_clear_alarm1_interrupt_status  cobra_rtc.o
    0x00837150   0x00837150   0x00000014   Code   RO         6446    i.cobra_rtc_clear_alarm2_interrupt_status  cobra_rtc.o
    0x00837164   0x00837164   0x00000014   Code   RO         6447    i.cobra_rtc_clear_day_interrupt_status  cobra_rtc.o
    0x00837178   0x00837178   0x00000014   Code   RO         6448    i.cobra_rtc_clear_hour_interrupt_status  cobra_rtc.o
    0x0083718c   0x0083718c   0x00000014   Code   RO         6449    i.cobra_rtc_clear_minuter_interrupt_status  cobra_rtc.o
    0x008371a0   0x008371a0   0x00000014   Code   RO         6450    i.cobra_rtc_clear_month_interrupt_status  cobra_rtc.o
    0x008371b4   0x008371b4   0x00000014   Code   RO         6451    i.cobra_rtc_clear_second_interrupt_status  cobra_rtc.o
    0x008371c8   0x008371c8   0x00000014   Code   RO         6452    i.cobra_rtc_clear_year_interrupt_status  cobra_rtc.o
    0x008371dc   0x008371dc   0x00000010   Code   RO         6453    i.cobra_rtc_day_interrupt_status  cobra_rtc.o
    0x008371ec   0x008371ec   0x00000020   Code   RO         6455    i.cobra_rtc_en      cobra_rtc.o
    0x0083720c   0x0083720c   0x00000020   Code   RO         6456    i.cobra_rtc_freeze_mode_en  cobra_rtc.o
    0x0083722c   0x0083722c   0x00000068   Code   RO         6459    i.cobra_rtc_get_current_time_date  cobra_rtc.o
    0x00837294   0x00837294   0x00000010   Code   RO         6460    i.cobra_rtc_hour_interrupt_status  cobra_rtc.o
    0x008372a4   0x008372a4   0x00000010   Code   RO         6462    i.cobra_rtc_init    cobra_rtc.o
    0x008372b4   0x008372b4   0x0000005a   Code   RO         6463    i.cobra_rtc_interrupt  cobra_rtc.o
    0x0083730e   0x0083730e   0x00000002   PAD
    0x00837310   0x00837310   0x00000010   Code   RO         6465    i.cobra_rtc_minuter_interrupt_status  cobra_rtc.o
    0x00837320   0x00837320   0x00000010   Code   RO         6466    i.cobra_rtc_month_interrupt_status  cobra_rtc.o
    0x00837330   0x00837330   0x00000020   Code   RO         6468    i.cobra_rtc_second_interrupt_en  cobra_rtc.o
    0x00837350   0x00837350   0x00000010   Code   RO         6469    i.cobra_rtc_second_interrupt_status  cobra_rtc.o
    0x00837360   0x00837360   0x0000003c   Code   RO         6470    i.cobra_rtc_set_alarm1  cobra_rtc.o
    0x0083739c   0x0083739c   0x00000044   Code   RO         6472    i.cobra_rtc_set_current_time_date  cobra_rtc.o
    0x008373e0   0x008373e0   0x00000020   Code   RO         6474    i.cobra_rtc_timer_write_en  cobra_rtc.o
    0x00837400   0x00837400   0x00000024   Code   RO         6475    i.cobra_rtc_work_mode  cobra_rtc.o
    0x00837424   0x00837424   0x00000010   Code   RO         6476    i.cobra_rtc_year_interrupt_status  cobra_rtc.o
    0x00837434   0x00837434   0x00000054   Code   RO         5860    i.cobra_soft_delay_ms  cobra_timer.o
    0x00837488   0x00837488   0x0000000c   Code   RO         5083    i.cobra_soft_timer_init  cobra_soft_timer.o
    0x00837494   0x00837494   0x0000003c   Code   RO         5086    i.cobra_soft_timer_update  cobra_soft_timer.o
    0x008374d0   0x008374d0   0x00000014   Code   RO         7376    i.cobra_softtimer_init  cobra_multi_timer.o
    0x008374e4   0x008374e4   0x00000030   Code   RO         7377    i.cobra_softtimer_loop  cobra_multi_timer.o
    0x00837514   0x00837514   0x00000024   Code   RO         7378    i.cobra_softtimer_start  cobra_multi_timer.o
    0x00837538   0x00837538   0x00000020   Code   RO         7379    i.cobra_softtimer_stop  cobra_multi_timer.o
    0x00837558   0x00837558   0x00000010   Code   RO         7380    i.cobra_softtimer_ticks  cobra_multi_timer.o
    0x00837568   0x00837568   0x0000001c   Code   RO         6962    i.cobra_spi_enable_tx_interrupt  cobra_spi.o
    0x00837584   0x00837584   0x00000020   Code   RO         6963    i.cobra_spi_get_rx_fifo_empty_state  cobra_spi.o
    0x008375a4   0x008375a4   0x00000020   Code   RO         6964    i.cobra_spi_get_rx_fifo_full_state  cobra_spi.o
    0x008375c4   0x008375c4   0x00000020   Code   RO         6966    i.cobra_spi_get_tx_fifo_full_state  cobra_spi.o
    0x008375e4   0x008375e4   0x00000018   Code   RO         6967    i.cobra_spi_init    cobra_spi.o
    0x008375fc   0x008375fc   0x00000018   Code   RO         6972    i.cobra_spi_send_byte  cobra_spi.o
    0x00837614   0x00837614   0x0000004c   Code   RO         1289    i.cobra_system_clock_setting  cobra_system.o
    0x00837660   0x00837660   0x0000000c   Code   RO         1291    i.cobra_system_get_cpu_frequency  cobra_system.o
    0x0083766c   0x0083766c   0x0000000c   Code   RO         1293    i.cobra_system_get_m3_apb0_clk  cobra_system.o
    0x00837678   0x00837678   0x0000000c   Code   RO         1294    i.cobra_system_get_m3_apb1_clk  cobra_system.o
    0x00837684   0x00837684   0x0000000c   Code   RO         1295    i.cobra_system_get_m3_apb2_clk  cobra_system.o
    0x00837690   0x00837690   0x0000005e   Code   RO         1297    i.cobra_system_init  cobra_system.o
    0x008376ee   0x008376ee   0x00000002   PAD
    0x008376f0   0x008376f0   0x0000001c   Code   RO         1298    i.cobra_system_interrupt_enable  cobra_system.o
    0x0083770c   0x0083770c   0x000001d4   Code   RO         1303    i.cobra_system_power_clk_init  cobra_system.o
    0x008378e0   0x008378e0   0x0000000a   Code   RO         1305    i.cobra_system_set_vector  cobra_system.o
    0x008378ea   0x008378ea   0x00000002   PAD
    0x008378ec   0x008378ec   0x0000008c   Code   RO         1306    i.cobra_system_switch_to_48m  cobra_system.o
    0x00837978   0x00837978   0x0000005a   Code   RO         1307    i.cobra_system_uart_init  cobra_system.o
    0x008379d2   0x008379d2   0x00000002   PAD
    0x008379d4   0x008379d4   0x00000018   Code   RO         1308    i.cobra_system_watchdog_process  cobra_system.o
    0x008379ec   0x008379ec   0x00000018   Code   RO         5862    i.cobra_timer_enable_set  cobra_timer.o
    0x00837a04   0x00837a04   0x0000001c   Code   RO         5864    i.cobra_timer_init  cobra_timer.o
    0x00837a20   0x00837a20   0x0000002c   Code   RO         5865    i.cobra_timer_interrupt_set  cobra_timer.o
    0x00837a4c   0x00837a4c   0x00000044   Code   RO         5866    i.cobra_timer_set_frequency  cobra_timer.o
    0x00837a90   0x00837a90   0x00000010   Code   RO         2733    i.cobra_trng_init   cobra_trng.o
    0x00837aa0   0x00837aa0   0x00000048   Code   RO         2734    i.cobra_trng_rand_read  cobra_trng.o
    0x00837ae8   0x00837ae8   0x00000018   Code   RO         2481    i.cobra_uart_clear_interrupt  cobra_uart.o
    0x00837b00   0x00837b00   0x00000018   Code   RO         2483    i.cobra_uart_config_uart_rx_interrupt  cobra_uart.o
    0x00837b18   0x00837b18   0x00000018   Code   RO         2484    i.cobra_uart_config_uart_tx_interrupt  cobra_uart.o
    0x00837b30   0x00837b30   0x0000001c   Code   RO         2485    i.cobra_uart_get_interrupt_control  cobra_uart.o
    0x00837b4c   0x00837b4c   0x0000001c   Code   RO         2486    i.cobra_uart_get_interrupt_statue  cobra_uart.o
    0x00837b68   0x00837b68   0x0000001c   Code   RO         2488    i.cobra_uart_get_rx_data  cobra_uart.o
    0x00837b84   0x00837b84   0x0000001c   Code   RO         2490    i.cobra_uart_init   cobra_uart.o
    0x00837ba0   0x00837ba0   0x000000e8   Code   RO         2491    i.cobra_uart_init_rate  cobra_uart.o
    0x00837c88   0x00837c88   0x00000018   Code   RO         2493    i.cobra_uart_send_tx_data  cobra_uart.o
    0x00837ca0   0x00837ca0   0x00000018   Code   RO         2495    i.cobra_uart_write  cobra_uart.o
    0x00837cb8   0x00837cb8   0x00000034   Code   RO         5171    i.cobra_udma_channel_attribute_enable  cobra_udma.o
    0x00837cec   0x00837cec   0x00000018   Code   RO         5176    i.cobra_udma_clear_interrupt  cobra_udma.o
    0x00837d04   0x00837d04   0x00000018   Code   RO         5178    i.cobra_udma_disable_channel  cobra_udma.o
    0x00837d1c   0x00837d1c   0x00000010   Code   RO         5180    i.cobra_udma_enable  cobra_udma.o
    0x00837d2c   0x00837d2c   0x00000010   Code   RO         5191    i.cobra_udma_get_status  cobra_udma.o
    0x00837d3c   0x00837d3c   0x00000010   Code   RO         5192    i.cobra_udma_init   cobra_udma.o
    0x00837d4c   0x00837d4c   0x00000010   Code   RO         5373    i.cobra_umcu_init   cobra_umcu.o
    0x00837d5c   0x00837d5c   0x00000010   Code   RO         5195    i.cobra_umda_set_control_base  cobra_udma.o
    0x00837d6c   0x00837d6c   0x00000010   Code   RO         6875    i.cobra_watchdog_init  cobra_watchdog.o
    0x00837d7c   0x00837d7c   0x0000001c   Code   RO         6876    i.cobra_watchdog_irq_clear  cobra_watchdog.o
    0x00837d98   0x00837d98   0x00000010   Code   RO         6877    i.cobra_watchdog_lock  cobra_watchdog.o
    0x00837da8   0x00837da8   0x00000014   Code   RO         6880    i.cobra_watchdog_unlock  cobra_watchdog.o
    0x00837dbc   0x00837dbc   0x000000cc   Code   RO        10126    i.convert_time_to_Second  app_mosquito_killing.o
    0x00837e88   0x00837e88   0x0000001c   Code   RO        12776    i.count_padding_bits  md5.o
    0x00837ea4   0x00837ea4   0x000000a2   Code   RO        12747    i.crc32             crc32.o
    0x00837f46   0x00837f46   0x00000002   PAD
    0x00837f48   0x00837f48   0x0000001c   Code   RO        12748    i.crc_table         crc32.o
    0x00837f64   0x00837f64   0x00000014   Code   RO        13409    i.data_handler_init  app_wechat.o
    0x00837f78   0x00837f78   0x00000092   Code   RO        13246    i.epb_auth_request_pack_size  epb_mmbp.o
    0x0083800a   0x0083800a   0x00000032   Code   RO        13041    i.epb_get_bytes     epb.o
    0x0083803c   0x0083803c   0x00000004   Code   RO        13042    i.epb_get_enum      epb.o
    0x00838040   0x00838040   0x00000004   Code   RO        13045    i.epb_get_int32     epb.o
    0x00838044   0x00838044   0x00000004   Code   RO        13046    i.epb_get_message   epb.o
    0x00838048   0x00838048   0x00000004   Code   RO        13047    i.epb_get_packed_size  epb.o
    0x0083804c   0x0083804c   0x00000004   Code   RO        13050    i.epb_get_string    epb.o
    0x00838050   0x00838050   0x0000009e   Code   RO        13051    i.epb_get_tag_value_offset  epb.o
    0x008380ee   0x008380ee   0x0000002c   Code   RO        13052    i.epb_get_uint32    epb.o
    0x0083811a   0x0083811a   0x0000003a   Code   RO        13053    i.epb_get_varint32_bits  epb.o
    0x00838154   0x00838154   0x00000018   Code   RO        13054    i.epb_has_tag       epb.o
    0x0083816c   0x0083816c   0x0000002e   Code   RO        13248    i.epb_init_request_pack_size  epb_mmbp.o
    0x0083819a   0x0083819a   0x0000000e   Code   RO        13055    i.epb_length_delimited_pack_size  epb.o
    0x008381a8   0x008381a8   0x000000fe   Code   RO        13249    i.epb_pack_auth_request  epb_mmbp.o
    0x008382a6   0x008382a6   0x00000012   Code   RO        13250    i.epb_pack_base_request  epb_mmbp.o
    0x008382b8   0x008382b8   0x0000000a   Code   RO        13056    i.epb_pack_init     epb.o
    0x008382c2   0x008382c2   0x0000007c   Code   RO        13251    i.epb_pack_init_request  epb_mmbp.o
    0x0083833e   0x0083833e   0x00000076   Code   RO        13252    i.epb_pack_send_data_request  epb_mmbp.o
    0x008383b4   0x008383b4   0x00000038   Code   RO        13057    i.epb_pack_tag      epb.o
    0x008383ec   0x008383ec   0x00000056   Code   RO        13058    i.epb_pack_varint32_bits  epb.o
    0x00838442   0x00838442   0x0000002c   Code   RO        13253    i.epb_send_data_request_pack_size  epb_mmbp.o
    0x0083846e   0x0083846e   0x00000050   Code   RO        13060    i.epb_set_bytes     epb.o
    0x008384be   0x008384be   0x00000004   Code   RO        13061    i.epb_set_enum      epb.o
    0x008384c2   0x008384c2   0x00000004   Code   RO        13064    i.epb_set_int32     epb.o
    0x008384c6   0x008384c6   0x00000004   Code   RO        13065    i.epb_set_message   epb.o
    0x008384ca   0x008384ca   0x00000004   Code   RO        13068    i.epb_set_string    epb.o
    0x008384ce   0x008384ce   0x00000020   Code   RO        13069    i.epb_set_uint32    epb.o
    0x008384ee   0x008384ee   0x00000068   Code   RO        13254    i.epb_unpack_auth_response  epb_mmbp.o
    0x00838556   0x00838556   0x00000014   Code   RO        13255    i.epb_unpack_auth_response_free  epb_mmbp.o
    0x0083856a   0x0083856a   0x0000001a   Code   RO        13256    i.epb_unpack_base_push  epb_mmbp.o
    0x00838584   0x00838584   0x00000056   Code   RO        13258    i.epb_unpack_base_response  epb_mmbp.o
    0x008385da   0x008385da   0x00000006   Code   RO        13070    i.epb_unpack_init   epb.o
    0x008385e0   0x008385e0   0x00000186   Code   RO        13260    i.epb_unpack_init_response  epb_mmbp.o
    0x00838766   0x00838766   0x00000014   Code   RO        13261    i.epb_unpack_init_response_free  epb_mmbp.o
    0x0083877a   0x0083877a   0x00000082   Code   RO        13262    i.epb_unpack_recv_data_push  epb_mmbp.o
    0x008387fc   0x008387fc   0x00000014   Code   RO        13263    i.epb_unpack_recv_data_push_free  epb_mmbp.o
    0x00838810   0x00838810   0x0000006c   Code   RO        13264    i.epb_unpack_send_data_response  epb_mmbp.o
    0x0083887c   0x0083887c   0x00000014   Code   RO        13265    i.epb_unpack_send_data_response_free  epb_mmbp.o
    0x00838890   0x00838890   0x00000062   Code   RO        13266    i.epb_unpack_switch_backgroud_push  epb_mmbp.o
    0x008388f2   0x008388f2   0x00000014   Code   RO        13267    i.epb_unpack_switch_backgroud_push_free  epb_mmbp.o
    0x00838906   0x00838906   0x00000078   Code   RO        13268    i.epb_unpack_switch_view_push  epb_mmbp.o
    0x0083897e   0x0083897e   0x00000014   Code   RO        13269    i.epb_unpack_switch_view_push_free  epb_mmbp.o
    0x00838992   0x00838992   0x0000001e   Code   RO        13071    i.epb_varint32_pack_size  epb.o
    0x008389b0   0x008389b0   0x000000dc   Code   RO        13538    i.floor             m_ws.l(floor.o)
    0x00838a8c   0x00838a8c   0x00000028   Code   RO          370    i.fputc             retargetio.o
    0x00838ab4   0x00838ab4   0x00000050   Code   RO        13840    i.free              mc_w.l(malloc.o)
    0x00838b04   0x00838b04   0x000000dc   Code   RO         1089    i.gapc_bond_ind_handler  app_sec.o
    0x00838be0   0x00838be0   0x000001a0   Code   RO         1090    i.gapc_bond_req_ind_handler  app_sec.o
    0x00838d80   0x00838d80   0x000000a8   Code   RO          967    i.gapc_cmp_evt_handler  app_task.o
    0x00838e28   0x00838e28   0x0000009c   Code   RO          968    i.gapc_connection_req_ind_handler  app_task.o
    0x00838ec4   0x00838ec4   0x0000005c   Code   RO          969    i.gapc_disconnect_ind_handler  app_task.o
    0x00838f20   0x00838f20   0x00000030   Code   RO         1091    i.gapc_encrypt_ind_handler  app_sec.o
    0x00838f50   0x00838f50   0x000000a0   Code   RO         1092    i.gapc_encrypt_req_ind_handler  app_sec.o
    0x00838ff0   0x00838ff0   0x00000078   Code   RO          970    i.gapc_get_dev_info_req_ind_handler  app_task.o
    0x00839068   0x00839068   0x00000024   Code   RO          971    i.gapc_mtu_changed_ind_handler  app_task.o
    0x0083908c   0x0083908c   0x00000074   Code   RO          972    i.gapc_param_update_ind_handler  app_task.o
    0x00839100   0x00839100   0x00000040   Code   RO          973    i.gapc_param_update_req_ind_handler  app_task.o
    0x00839140   0x00839140   0x00000022   Code   RO          974    i.gapc_set_dev_info_req_ind_handler  app_task.o
    0x00839162   0x00839162   0x00000002   PAD
    0x00839164   0x00839164   0x00000014   Code   RO          975    i.gapm_activity_created_ind_handler  app_task.o
    0x00839178   0x00839178   0x0000001c   Code   RO          976    i.gapm_activity_stopped_ind_handler  app_task.o
    0x00839194   0x00839194   0x000001d4   Code   RO          977    i.gapm_cmp_evt_handler  app_task.o
    0x00839368   0x00839368   0x0000002c   Code   RO          978    i.gapm_gen_rand_nb_ind_handler  app_task.o
    0x00839394   0x00839394   0x0000000c   Code   RO          979    i.gapm_profile_added_ind_handler  app_task.o
    0x008393a0   0x008393a0   0x0000006c   Code   RO        12546    i.gattc_att_info_req_ind_handler  ble_wechat_task.o
    0x0083940c   0x0083940c   0x0000000a   Code   RO        12547    i.gattc_cmp_evt_handler  ble_wechat_task.o
    0x00839416   0x00839416   0x00000002   PAD
    0x00839418   0x00839418   0x000000e0   Code   RO        12548    i.gattc_read_req_ind_handler  ble_wechat_task.o
    0x008394f8   0x008394f8   0x00000094   Code   RO        12549    i.gattc_write_req_ind_handler  ble_wechat_task.o
    0x0083958c   0x0083958c   0x00000030   Code   RO        12550    i.gattc_write_without_handler  ble_wechat_task.o
    0x008395bc   0x008395bc   0x00000020   Code   RO        10127    i.get_day_of_week   app_mosquito_killing.o
    0x008395dc   0x008395dc   0x00000018   Code   RO        12992    i.get_handler_by_type  ble_wechat_util.o
    0x008395f4   0x008395f4   0x00000044   Code   RO          817    i.host_appm_update_param  app.o
    0x00839638   0x00839638   0x00000012   Code   RO        12993    i.htons             ble_wechat_util.o
    0x0083964a   0x0083964a   0x00000060   Code   RO            4    i.main              main.o
    0x008396aa   0x008396aa   0x00000002   PAD
    0x008396ac   0x008396ac   0x0000006c   Code   RO        13841    i.malloc            mc_w.l(malloc.o)
    0x00839718   0x00839718   0x00000194   Code   RO        12777    i.md5               md5.o
    0x008398ac   0x008398ac   0x0000001e   Code   RO        10128    i.monthLength       app_mosquito_killing.o
    0x008398ca   0x008398ca   0x00000002   PAD
    0x008398cc   0x008398cc   0x00000060   Code   RO        12845    i.mpbledemo2_button_handler  mpbledemo2.o
    0x0083992c   0x0083992c   0x00000150   Code   RO        12846    i.mpbledemo2_data_consume_func  mpbledemo2.o
    0x00839a7c   0x00839a7c   0x00000028   Code   RO        12847    i.mpbledemo2_data_error_func  mpbledemo2.o
    0x00839aa4   0x00839aa4   0x0000000a   Code   RO        12848    i.mpbledemo2_data_free_func  mpbledemo2.o
    0x00839aae   0x00839aae   0x00000002   PAD
    0x00839ab0   0x00839ab0   0x00000254   Code   RO        12849    i.mpbledemo2_data_produce_func  mpbledemo2.o
    0x00839d04   0x00839d04   0x00000068   Code   RO        12850    i.mpbledemo2_get_md5  mpbledemo2.o
    0x00839d6c   0x00839d6c   0x0000000e   Code   RO        12851    i.mpbledemo2_init   mpbledemo2.o
    0x00839d7a   0x00839d7a   0x00000002   PAD
    0x00839d7c   0x00839d7c   0x00000034   Code   RO        12852    i.mpbledemo2_main_process  mpbledemo2.o
    0x00839db0   0x00839db0   0x0000001c   Code   RO        12853    i.mpbledemo2_reset  mpbledemo2.o
    0x00839dcc   0x00839dcc   0x00000028   Code   RO         7448    i.mpwm_close        cobra4a_mpwm.o
    0x00839df4   0x00839df4   0x00000028   Code   RO         7449    i.mpwm_en           cobra4a_mpwm.o
    0x00839e1c   0x00839e1c   0x00000012   Code   RO        12994    i.ntohs             ble_wechat_util.o
    0x00839e2e   0x00839e2e   0x00000026   Code   RO         1310    i.platform_reset    cobra_system.o
    0x00839e54   0x00839e54   0x00000048   Code   RO         9919    i.rdw_adc_fifo_init  rdw_adc.o
    0x00839e9c   0x00839e9c   0x00000092   Code   RO         9920    i.rdw_adc_get_adc_data_init  rdw_adc.o
    0x00839f2e   0x00839f2e   0x00000074   Code   RO         9921    i.rdw_adc_set_adc_clk  rdw_adc.o
    0x00839fa2   0x00839fa2   0x00000058   Code   RO         9922    i.rdw_adc_set_adc_power  rdw_adc.o
    0x00839ffa   0x00839ffa   0x0000001a   Code   RO         9923    i.rdw_adc_single_adc_mode_select_channel  rdw_adc.o
    0x0083a014   0x0083a014   0x0000000e   Code   RO          610    i.rdw_custom_define_profile  cobra4_ble_common.o
    0x0083a022   0x0083a022   0x00000014   Code   RO         5869    i.rdw_timer_enable_ctrl  cobra_timer.o
    0x0083a036   0x0083a036   0x00000014   Code   RO         2505    i.rdw_uart_set_rxinterrup  cobra_uart.o
    0x0083a04a   0x0083a04a   0x00000014   Code   RO         2507    i.rdw_uart_set_txinterrup  cobra_uart.o
    0x0083a05e   0x0083a05e   0x0000000a   Code   RO         2509    i.rdw_uart_write_byte  cobra_uart.o
    0x0083a068   0x0083a068   0x00000006   Code   RO         1220    i.read_cobra_key_SW9  app_button.o
    0x0083a06e   0x0083a06e   0x00000002   PAD
    0x0083a070   0x0083a070   0x00000014   Code   RO        13411    i.register_all_products  app_wechat.o
    0x0083a084   0x0083a084   0x0000000c   Code   RO         7561    i.set_lim1          cobra4a_mpwm.o
    0x0083a090   0x0083a090   0x0000000c   Code   RO         7564    i.set_mat1          cobra4a_mpwm.o
    0x0083a09c   0x0083a09c   0x0000000c   Code   RO         7567    i.set_tc1           cobra4a_mpwm.o
    0x0083a0a8   0x0083a0a8   0x000000a0   Code   RO        13542    i.sin               m_ws.l(sin.o)
    0x0083a148   0x0083a148   0x0000000c   Code   RO        13072    i.sizeof_tag        epb.o
    0x0083a154   0x0083a154   0x000004e4   Code   RO        10129    i.uart_input_mosquito_killing_protocol  app_mosquito_killing.o
    0x0083a638   0x0083a638   0x00000010   Code   RO        12611    i.wechat_att_hdl_get  ble_wechat_service.o
    0x0083a648   0x0083a648   0x00000014   Code   RO        12612    i.wechat_att_idx_get  ble_wechat_service.o
    0x0083a65c   0x0083a65c   0x0000000a   Code   RO        12613    i.wechat_cleanup    ble_wechat_service.o
    0x0083a666   0x0083a666   0x0000000a   Code   RO        12614    i.wechat_create     ble_wechat_service.o
    0x0083a670   0x0083a670   0x0000001c   Code   RO        12615    i.wechat_destroy    ble_wechat_service.o
    0x0083a68c   0x0083a68c   0x00000048   Code   RO        12551    i.wechat_enable_req_handler  ble_wechat_task.o
    0x0083a6d4   0x0083a6d4   0x000000c8   Code   RO        12616    i.wechat_exe_operation  ble_wechat_service.o
    0x0083a79c   0x0083a79c   0x00000098   Code   RO        12617    i.wechat_init       ble_wechat_service.o
    0x0083a834   0x0083a834   0x00000008   Code   RO        12618    i.wechat_prf_itf_get  ble_wechat_service.o
    0x0083a83c   0x0083a83c   0x0000006e   Code   RO        12552    i.wechat_send_data_req_handler  ble_wechat_task.o
    0x0083a8aa   0x0083a8aa   0x00000002   PAD
    0x0083a8ac   0x0083a8ac   0x00000020   Code   RO        12553    i.wechat_task_init  ble_wechat_task.o
    0x0083a8cc   0x0083a8cc   0x0000006c   Code   RO        12619    i.wechat_update_ntf_ind_cfg  ble_wechat_service.o
    0x0083a938   0x0083a938   0x00000014   Code   RO         7681    i.write_pola1_set   cobra4a_mpwm.o
    0x0083a94c   0x0083a94c   0x00000004   Data   RO          820    .constdata          app.o
    0x0083a950   0x0083a950   0x00000070   Data   RO          980    .constdata          app_task.o
    0x0083a9c0   0x0083a9c0   0x0000000c   Data   RO          981    .constdata          app_task.o
    0x0083a9cc   0x0083a9cc   0x00000028   Data   RO         1093    .constdata          app_sec.o
    0x0083a9f4   0x0083a9f4   0x00000008   Data   RO         1094    .constdata          app_sec.o
    0x0083a9fc   0x0083a9fc   0x00000013   Data   RO         6479    .constdata          cobra_rtc.o
    0x0083aa0f   0x0083aa0f   0x00000001   PAD
    0x0083aa10   0x0083aa10   0x00000028   Data   RO        10131    .constdata          app_mosquito_killing.o
    0x0083aa38   0x0083aa38   0x00000008   Data   RO        10132    .constdata          app_mosquito_killing.o
    0x0083aa40   0x0083aa40   0x0000005d   Data   RO        10133    .constdata          app_mosquito_killing.o
    0x0083aa9d   0x0083aa9d   0x00000006   Data   RO        10623    .constdata          mosquito_killing_protocol.o
    0x0083aaa3   0x0083aaa3   0x00000001   PAD
    0x0083aaa4   0x0083aaa4   0x00000020   Data   RO        12481    .constdata          app_ble_wechat.o
    0x0083aac4   0x0083aac4   0x00000008   Data   RO        12482    .constdata          app_ble_wechat.o
    0x0083aacc   0x0083aacc   0x00000038   Data   RO        12554    .constdata          ble_wechat_task.o
    0x0083ab04   0x0083ab04   0x00000050   Data   RO        12620    .constdata          ble_wechat_service.o
    0x0083ab54   0x0083ab54   0x00000070   Data   RO        12779    .constdata          md5.o
    0x0083abc4   0x0083abc4   0x00000078   Data   RO        12858    .constdata          mpbledemo2.o
    0x0083ac3c   0x0083ac3c   0x00000004   PAD
    0x0083ac40   0x0083ac40   0x00000030   Data   RO        13887    .constdata          m_ws.l(cos_i.o)
    0x0083ac70   0x0083ac70   0x000000c8   Data   RO        13905    .constdata          m_ws.l(rred.o)
    0x0083ad38   0x0083ad38   0x00000028   Data   RO        13909    .constdata          m_ws.l(sin_i.o)
    0x0083ad60   0x0083ad60   0x00000062   Data   RO          982    .conststring        app_task.o
    0x0083adc2   0x0083adc2   0x00000002   PAD
    0x0083adc4   0x0083adc4   0x000001c2   Data   RO        10134    .conststring        app_mosquito_killing.o
    0x0083af86   0x0083af86   0x00000002   PAD
    0x0083af88   0x0083af88   0x00000042   Data   RO        10374    .conststring        mosquito_killing_data.o
    0x0083afca   0x0083afca   0x00000002   PAD
    0x0083afcc   0x0083afcc   0x00000047   Data   RO        10624    .conststring        mosquito_killing_protocol.o
    0x0083b013   0x0083b013   0x00000001   PAD
    0x0083b014   0x0083b014   0x00000021   Data   RO        12859    .conststring        mpbledemo2.o
    0x0083b035   0x0083b035   0x00000003   PAD
    0x0083b038   0x0083b038   0x00000040   Data   RO        13970    Region$$Table       anon$$obj.o


    Execution Region RW_IRAM1 (Exec base: 0x20000000, Load base: 0x0083b078, Size: 0x00002690, Max: 0x00002b00, ABSOLUTE, COMPRESSED[0x000001a8])

    Exec Addr    Load Addr    Size         Type   Attr      Idx    E Section Name        Object

    0x20000000   COMPRESSED   0x00000004   Data   RW          371    .data               retargetio.o
    0x20000004   COMPRESSED   0x00000008   Data   RW          712    .data               cobra4_rdw_common.o
    0x2000000c   COMPRESSED   0x0000000a   Data   RW          821    .data               app.o
    0x20000016   COMPRESSED   0x00000002   PAD
    0x20000018   COMPRESSED   0x00000004   Data   RW          983    .data               app_task.o
    0x2000001c   COMPRESSED   0x00000001   Data   RW          984    .data               app_task.o
    0x2000001d   COMPRESSED   0x00000001   Data   RW         1095    .data               app_sec.o
    0x2000001e   COMPRESSED   0x00000002   PAD
    0x20000020   COMPRESSED   0x00000032   Data   RW         1313    .data               cobra_system.o
    0x20000052   COMPRESSED   0x00000002   PAD
    0x20000054   COMPRESSED   0x00000004   Data   RW         1667    .data               cobra4_aon_top.o
    0x20000058   COMPRESSED   0x00000004   Data   RW         2230    .data               cobra4_aon_wk.o
    0x2000005c   COMPRESSED   0x00000008   Data   RW         2427    .data               cobra4_d_vad.o
    0x20000064   COMPRESSED   0x0000000c   Data   RW         2511    .data               cobra_uart.o
    0x20000070   COMPRESSED   0x00000008   Data   RW         2736    .data               cobra_trng.o
    0x20000078   COMPRESSED   0x00000004   Data   RW         3078    .data               cobra_pcrm.o
    0x2000007c   COMPRESSED   0x00000004   Data   RW         4608    .data               cobra_aon_dcdc.o
    0x20000080   COMPRESSED   0x00000004   Data   RW         5010    .data               cobra_pinmux.o
    0x20000084   COMPRESSED   0x00000004   Data   RW         5196    .data               cobra_udma.o
    0x20000088   COMPRESSED   0x000001f2   Data   RW         5388    .data               cobra_umcu.o
    0x2000027a   COMPRESSED   0x00000002   PAD
    0x2000027c   COMPRESSED   0x00000004   Data   RW         5672    .data               cobra_ceva_baseband.o
    0x20000280   COMPRESSED   0x00000004   Data   RW         5774    .data               cobra_cache_ctrl.o
    0x20000284   COMPRESSED   0x0000000c   Data   RW         5881    .data               cobra_timer.o
    0x20000290   COMPRESSED   0x00000004   Data   RW         6046    .data               cobra_m4_gpio.o
    0x20000294   COMPRESSED   0x00000004   Data   RW         6135    .data               cobra4_systick.o
    0x20000298   COMPRESSED   0x00000004   Data   RW         6480    .data               cobra_rtc.o
    0x2000029c   COMPRESSED   0x00000001   Data   RW         6793    .data               app_bk_task.o
    0x2000029d   COMPRESSED   0x00000003   PAD
    0x200002a0   COMPRESSED   0x00000004   Data   RW         6881    .data               cobra_watchdog.o
    0x200002a4   COMPRESSED   0x00000008   Data   RW         6979    .data               cobra_spi.o
    0x200002ac   COMPRESSED   0x0000000c   Data   RW         7221    .data               cobra4_gpadc.o
    0x200002b8   COMPRESSED   0x00000004   Data   RW         7305    .data               cobra_button.o
    0x200002bc   COMPRESSED   0x00000008   Data   RW         7381    .data               cobra_multi_timer.o
    0x200002c4   COMPRESSED   0x00000004   Data   RW         7732    .data               cobra4a_mpwm.o
    0x200002c8   COMPRESSED   0x0000000c   Data   RW         9629    .data               cobra4c_eflash_ctrl.o
    0x200002d4   COMPRESSED   0x00000062   Data   RW        10135    .data               app_mosquito_killing.o
    0x20000336   COMPRESSED   0x00000002   PAD
    0x20000338   COMPRESSED   0x0000001c   Data   RW        10375    .data               mosquito_killing_data.o
    0x20000354   COMPRESSED   0x0000001f   Data   RW        10471    .data               mosquito_killing_disp.o
    0x20000373   COMPRESSED   0x00000002   Data   RW        10570    .data               mosquito_killing_statistics.o
    0x20000375   COMPRESSED   0x00000003   PAD
    0x20000378   COMPRESSED   0x00000014   Data   RW        10625    .data               mosquito_killing_protocol.o
    0x2000038c   COMPRESSED   0x00000001   Data   RW        12483    .data               app_ble_wechat.o
    0x2000038d   COMPRESSED   0x00000003   PAD
    0x20000390   COMPRESSED   0x0000000c   Data   RW        12860    .data               mpbledemo2.o
    0x2000039c   COMPRESSED   0x0000002c   Data   RW        12861    .data               mpbledemo2.o
    0x200003c8   COMPRESSED   0x00000004   Data   RW        13502    .data               system_armcm4.o
    0x200003cc   COMPRESSED   0x00000004   Data   RW        13555    .data               mc_w.l(rand.o)
    0x200003d0   COMPRESSED   0x00000004   Data   RW        13934    .data               mc_w.l(mvars.o)
    0x200003d4   COMPRESSED   0x00000004   Data   RW        13935    .data               mc_w.l(mvars.o)
    0x200003d8   COMPRESSED   0x00000004   Data   RW        13939    .data               mc_w.l(errno.o)
    0x200003dc        -       0x0000002e   Zero   RW          819    .bss                app.o
    0x2000040a   COMPRESSED   0x00000002   PAD
    0x2000040c        -       0x00000028   Zero   RW         1221    .bss                app_button.o
    0x20000434        -       0x00000034   Zero   RW         2510    .bss                cobra_uart.o
    0x20000468        -       0x00000080   Zero   RW         5087    .bss                cobra_soft_timer.o
    0x200004e8        -       0x00000010   Zero   RW         5671    .bss                cobra_ceva_baseband.o
    0x200004f8        -       0x00000080   Zero   RW         6722    .bss                rdw_gpio.o
    0x20000578        -       0x00000040   Zero   RW         6978    .bss                cobra_spi.o
    0x200005b8        -       0x00000010   Zero   RW         7304    .bss                cobra_button.o
    0x200005c8   COMPRESSED   0x00000238   PAD
    0x20000800        -       0x00000800   Zero   RW         9520    .bss                rdw_dma.o
    0x20001000        -       0x00000418   Zero   RW        10130    .bss                app_mosquito_killing.o
    0x20001418        -       0x00000108   Zero   RW        10373    .bss                mosquito_killing_data.o
    0x20001520        -       0x00000118   Zero   RW        10622    .bss                mosquito_killing_protocol.o
    0x20001638        -       0x0000000c   Zero   RW        12854    .bss                mpbledemo2.o
    0x20001644        -       0x0000001c   Zero   RW        12855    .bss                mpbledemo2.o
    0x20001660        -       0x0000002c   Zero   RW        12997    .bss                ble_wechat_util.o
    0x2000168c   COMPRESSED   0x00000004   PAD
    0x20001690        -       0x00001000   Zero   RW        13491    HEAP                startup_armcm4.o


    Execution Region RW_IRAM2 (Exec base: 0x20002b00, Load base: 0x0083b220, Size: 0x00000800, Max: 0x00001000, ABSOLUTE)

    Exec Addr    Load Addr    Size         Type   Attr      Idx    E Section Name        Object

    0x20002b00        -       0x00000800   Zero   RW        13490    STACK               startup_armcm4.o


    Execution Region RW_IRAM3 (Exec base: 0x20003b00, Load base: 0x0083b220, Size: 0x0000049c, Max: 0x00000500, ABSOLUTE)

    Exec Addr    Load Addr    Size         Type   Attr      Idx    E Section Name        Object

    0x20003b00   0x0083b220   0x0000000a   Ven    RO        13985    Veneer$$Code        anon$$obj.o
    0x20003b0a   0x0083b22a   0x0000000a   Ven    RO        13986    Veneer$$Code        anon$$obj.o
    0x20003b14   0x0083b234   0x00000014   Code   RO         9589    i.cobra_eflash_auto_op_end  cobra4c_eflash_ctrl.o
    0x20003b28   0x0083b248   0x00000014   Code   RO         9590    i.cobra_eflash_auto_opend_clr  cobra4c_eflash_ctrl.o
    0x20003b3c   0x0083b25c   0x0000001c   Code   RO         9591    i.cobra_eflash_bor_interrupt_enable  cobra4c_eflash_ctrl.o
    0x20003b58   0x0083b278   0x0000001c   Code   RO         9595    i.cobra_eflash_delay_100n_val  cobra4c_eflash_ctrl.o
    0x20003b74   0x0083b294   0x0000001c   Code   RO         9596    i.cobra_eflash_delay_100u_val  cobra4c_eflash_ctrl.o
    0x20003b90   0x0083b2b0   0x00000020   Code   RO         9597    i.cobra_eflash_delay_10n_val  cobra4c_eflash_ctrl.o
    0x20003bb0   0x0083b2d0   0x00000018   Code   RO         9598    i.cobra_eflash_delay_5u_val  cobra4c_eflash_ctrl.o
    0x20003bc8   0x0083b2e8   0x0000001c   Code   RO         9599    i.cobra_eflash_delay_erase_val  cobra4c_eflash_ctrl.o
    0x20003be4   0x0083b304   0x00000018   Code   RO         9600    i.cobra_eflash_delay_porg_val  cobra4c_eflash_ctrl.o
    0x20003bfc   0x0083b31c   0x0000001c   Code   RO         9601    i.cobra_eflash_embeded_flash_access_wait  cobra4c_eflash_ctrl.o
    0x20003c18   0x0083b338   0x00000034   Code   RO         9606    i.cobra_eflash_flash_auto_operation_mode  cobra4c_eflash_ctrl.o
    0x20003c4c   0x0083b36c   0x00000020   Code   RO         9609    i.cobra_eflash_init  cobra4c_eflash_ctrl.o
    0x20003c6c   0x0083b38c   0x00000040   Code   RO         9610    i.cobra_eflash_mosquito_killing_parameter_init  cobra4c_eflash_ctrl.o
    0x20003cac   0x0083b3cc   0x0000001c   Code   RO         9611    i.cobra_eflash_operation_interrupt_enable  cobra4c_eflash_ctrl.o
    0x20003cc8   0x0083b3e8   0x00000048   Code   RO         9612    i.cobra_eflash_page_erase  cobra4c_eflash_ctrl.o
    0x20003d10   0x0083b430   0x0000004c   Code   RO         9614    i.cobra_eflash_program  cobra4c_eflash_ctrl.o
    0x20003d5c   0x0083b47c   0x0000005c   Code   RO         9616    i.cobra_eflash_read  cobra4c_eflash_ctrl.o
    0x20003db8   0x0083b4d8   0x0000001c   Code   RO         9617    i.cobra_eflash_tacc  cobra4c_eflash_ctrl.o
    0x20003dd4   0x0083b4f4   0x00000014   Code   RO         9618    i.cobra_eflash_unlock1_enable  cobra4c_eflash_ctrl.o
    0x20003de8   0x0083b508   0x00000014   Code   RO         9620    i.cobra_eflash_unlock2_enable  cobra4c_eflash_ctrl.o
    0x20003dfc   0x0083b51c   0x00000014   Code   RO         9622    i.cobra_eflash_unlock3_enable  cobra4c_eflash_ctrl.o
    0x20003e10   0x0083b530   0x00000034   Code   RO         9626    i.cobra_flash_erase  cobra4c_eflash_ctrl.o
    0x20003e44   0x0083b564   0x000000ec   Code   RO         9627    i.cobra_flash_write  cobra4c_eflash_ctrl.o
    0x20003f30   0x0083b650   0x0000006a   Code   RO         9628    i.cobra_information_flash_read  cobra4c_eflash_ctrl.o



  Load Region BLE_ROM1 (Base: 0x00800000, Size: 0x00029fcc, Max: 0x00030000, ABSOLUTE)

    Execution Region BLE_ROM1 (Exec base: 0x00800000, Load base: 0x00800000, Size: 0x00029fcc, Max: 0x00030000, ABSOLUTE)

    Exec Addr    Load Addr    Size         Type   Attr      Idx    E Section Name        Object

    0x00800000   0x00800000   0x00029fcc   Code   RO          794    SDK_BIN_FILE        sdk_project_bin.o


==============================================================================

Image component sizes


      Code (inc. data)   RO Data    RW Data    ZI Data      Debug   Object Name

       788        126          4         10         46      16990   app.o
        44          8          0          1          0       2453   app_bk_task.o
       252         58         40          1          0       8274   app_ble_wechat.o
        74         20          0          0         40       4132   app_button.o
      8236       2918        591         98       1048      38599   app_mosquito_killing.o
       896        370         48          1          0       8461   app_sec.o
      1502        368        222          5          0      13869   app_task.o
        88         20          0          0          0       4670   app_wechat.o
       552         10         80          0          0       8417   ble_wechat_service.o
       752         88         56          0          0      14329   ble_wechat_task.o
        74          4          0          0         44       5191   ble_wechat_util.o
      1328        192          0          4          0      25127   cobra4_aon_top.o
       300         54          0          4          0       7489   cobra4_aon_wk.o
       222         24          0          0          0       4946   cobra4_ble_common.o
       316         90          0          0          0      50031   cobra4_common.o
        80         18          0          8          0       2013   cobra4_d_vad.o
       300         54          0         12          0       7524   cobra4_gpadc.o
       354        148          0          8          0       5668   cobra4_rdw_common.o
       116          8          0          4          0      31991   cobra4_systick.o
       152         38          0          4          0      15815   cobra4a_mpwm.o
      1158        124          0         12          0      16692   cobra4c_eflash_ctrl.o
       100         20          0          4          0       3185   cobra_aon_dcdc.o
       352         18          0          4         16       4971   cobra_button.o
        96         18          0          4          0       2595   cobra_cache_ctrl.o
       382         54          0          4         16       8435   cobra_ceva_baseband.o
       128         22          0          4          0       5487   cobra_m4_gpio.o
       168         32          0          8          0       4966   cobra_multi_timer.o
      1768        294          0          4          0      38854   cobra_pcrm.o
       200         30          0          4          0       4818   cobra_pinmux.o
      1122        192         19          4          0      17086   cobra_rtc.o
       224         14          0          0        128      34133   cobra_soft_timer.o
       636         70          0          8         64       7490   cobra_spi.o
      1612        206          0         50          0      47942   cobra_system.o
       338         40          0         12          0       7884   cobra_timer.o
       184         18          0          8          0       2803   cobra_trng.o
       934         66          0         12         52      44508   cobra_uart.o
       164         38          0          4          0       4868   cobra_udma.o
        16          8          0        498          0       2209   cobra_umcu.o
       210         30          0          4          0       4460   cobra_watchdog.o
       190          4          0          0          0       2000   crc32.o
       696          0          0          0          0      17628   epb.o
      1932          0          0          0          0      22212   epb_mmbp.o
        96          0          0          0          0     142820   main.o
       548         12        112          0          0       6467   md5.o
      1546        312         66         28        264      10396   mosquito_killing_data.o
      1306        172          0         31          0      12721   mosquito_killing_disp.o
      3472        870         77         20        280       9826   mosquito_killing_protocol.o
       244         10          0          2          0       3739   mosquito_killing_statistics.o
      1302        184        153         56         40      48992   mpbledemo2.o
       584         22          0          0          0       5569   rdw_adc.o
       140         16          0          0       2048       2968   rdw_dma.o
       148         18          0          0        128       4952   rdw_gpio.o
        40          0          0          4          0       2886   retargetio.o
    171980     171980          0          0          0        284   sdk_project_bin.o
       108         34        228          0       6144        872   startup_armcm4.o
        32         18          0          4          0        811   system_armcm4.o

    ----------------------------------------------------------------------
    210722     179562       1776        972      10932     834518   Object Totals
        70          0         64          0          0          0   (incl. Generated)
        70          0         16         19        574          0   (incl. Padding)

    ----------------------------------------------------------------------

      Code (inc. data)   RO Data    RW Data    ZI Data      Debug   Library Member Name

       252         22         48          0          0        124   cos_i.o
        34          6          0          0          0        204   dunder.o
       220         16          0          0          0         84   floor.o
        40          0          0          0          0         68   fpclassify.o
       170          0          0          0          0         96   poly.o
       904         76        200          0          0        140   rred.o
       160         10          0          0          0        108   sin.o
       236         12         40          0          0        128   sin_i.o
        86          0          0          0          0          0   __dczerorl2.o
         0          0          0          0          0          0   entry.o
         0          0          0          0          0          0   entry10a.o
         0          0          0          0          0          0   entry11a.o
         8          4          0          0          0          0   entry2.o
         4          0          0          0          0          0   entry5.o
         0          0          0          0          0          0   entry7b.o
         0          0          0          0          0          0   entry8b.o
         8          4          0          0          0          0   entry9a.o
        12          6          0          4          0         68   errno.o
        30          0          0          0          0          0   handlers.o
        36          8          0          0          0         68   init.o
         0          0          0          0          0          0   iusefp.o
        30          0          0          0          0         68   llshl.o
        36          0          0          0          0         68   llsshr.o
        32          0          0          0          0         68   llushr.o
       188         20          0          0          0        160   malloc.o
        26          0          0          0          0         80   memcmp.o
        64          0          0          0          0         76   memmovea.o
        36          0          0          0          0        108   memseta.o
         0          0          0          8          0          0   mvars.o
      1154         54          0          0          0        352   printf8.o
        36         10          0          4          0        136   rand.o
        18          0          0          0          0         68   strcpy.o
        14          0          0          0          0         68   strlen.o
        30          0          0          0          0         80   strncmp.o
        24          0          0          0          0         76   strncpy.o
        32          0          0          0          0         68   strrchr.o
        98          0          0          0          0         92   uldiv.o
        48          0          0          0          0         68   cdrcmple.o
       334          0          0          0          0        148   dadd.o
       222          0          0          0          0        100   ddiv.o
       186          0          0          0          0        176   depilogue.o
        62          0          0          0          0         80   dfixi.o
        50          0          0          0          0         76   dfixui.o
        34          0          0          0          0         76   dflti.o
        26          0          0          0          0         76   dfltui.o
       228          0          0          0          0         96   dmul.o
        46          0          0          0          0         80   dscalb.o
       124          0          0          0          0         88   fdiv.o
       110          0          0          0          0        168   fepilogue.o
        40          0          0          0          0         68   ffixui.o
        10          0          0          0          0         68   ffltui.o

    ----------------------------------------------------------------------
      5550        248        288         16          0       4024   Library Totals
        12          0          0          0          0          0   (incl. Padding)

    ----------------------------------------------------------------------

      Code (inc. data)   RO Data    RW Data    ZI Data      Debug   Library Name

      2016        142        288          0          0        952   m_ws.l
      2002        106          0         16          0       1704   mc_w.l
      1520          0          0          0          0       1368   mf_w.l

    ----------------------------------------------------------------------
      5550        248        288         16          0       4024   Library Totals

    ----------------------------------------------------------------------

==============================================================================


      Code (inc. data)   RO Data    RW Data    ZI Data      Debug   

    216272     179810       2064        988      10932     807574   Grand Totals
    216272     179810       2064        424      10932     807574   ELF Image Totals (compressed)
    216272     179810       2064        424          0          0   ROM Totals

==============================================================================

    Total RO  Size (Code + RO Data)               218336 ( 213.22kB)
    Total RW  Size (RW Data + ZI Data)             11920 (  11.64kB)
    Total ROM Size (Code + RO Data + RW Data)     218760 ( 213.63kB)

==============================================================================

